Archive member included to satisfy reference by file (symbol)

..\..\..\libuart_utils_lib.a(uart_utils.o)
                              ..\obj\main.o (init_rgb_display)
..\..\..\libuart_utils_lib.a(stm32f4xx_gpio.o)
                              ..\..\..\libuart_utils_lib.a(uart_utils.o) (GPIO_Init)
..\..\..\libuart_utils_lib.a(system_stm32f4xx.o)
                              ..\obj\startup_stm32f407xx.o (SystemInit)
..\..\..\libuart_utils_lib.a(stm32f4xx_usart.o)
                              ..\..\..\libuart_utils_lib.a(uart_utils.o) (USART_Init)
..\..\..\libuart_utils_lib.a(stm32f4xx_rcc.o)
                              ..\..\..\libuart_utils_lib.a(stm32f4xx_usart.o) (RCC_GetClocksFreq)
c:/program files/gnu tools arm embedded/5.4 2016q2/bin/../lib/gcc/arm-none-eabi/5.4.1/../../../../arm-none-eabi/lib/armv7e-m\libg.a(lib_a-exit.o)
                              c:/program files/gnu tools arm embedded/5.4 2016q2/bin/../lib/gcc/arm-none-eabi/5.4.1/../../../../arm-none-eabi/lib/armv7e-m/crt0.o (exit)
c:/program files/gnu tools arm embedded/5.4 2016q2/bin/../lib/gcc/arm-none-eabi/5.4.1/../../../../arm-none-eabi/lib/armv7e-m\libg.a(lib_a-impure.o)
                              c:/program files/gnu tools arm embedded/5.4 2016q2/bin/../lib/gcc/arm-none-eabi/5.4.1/../../../../arm-none-eabi/lib/armv7e-m\libg.a(lib_a-exit.o) (_global_impure_ptr)
c:/program files/gnu tools arm embedded/5.4 2016q2/bin/../lib/gcc/arm-none-eabi/5.4.1/../../../../arm-none-eabi/lib/armv7e-m\libg.a(lib_a-init.o)
                              c:/program files/gnu tools arm embedded/5.4 2016q2/bin/../lib/gcc/arm-none-eabi/5.4.1/../../../../arm-none-eabi/lib/armv7e-m/crt0.o (__libc_init_array)
c:/program files/gnu tools arm embedded/5.4 2016q2/bin/../lib/gcc/arm-none-eabi/5.4.1/../../../../arm-none-eabi/lib/armv7e-m\libg.a(lib_a-memset.o)
                              c:/program files/gnu tools arm embedded/5.4 2016q2/bin/../lib/gcc/arm-none-eabi/5.4.1/../../../../arm-none-eabi/lib/armv7e-m/crt0.o (memset)
c:/program files/gnu tools arm embedded/5.4 2016q2/bin/../lib/gcc/arm-none-eabi/5.4.1/../../../../arm-none-eabi/lib/armv7e-m\libg.a(lib_a-__call_atexit.o)
                              c:/program files/gnu tools arm embedded/5.4 2016q2/bin/../lib/gcc/arm-none-eabi/5.4.1/../../../../arm-none-eabi/lib/armv7e-m\libg.a(lib_a-exit.o) (__call_exitprocs)
c:/program files/gnu tools arm embedded/5.4 2016q2/bin/../lib/gcc/arm-none-eabi/5.4.1/../../../../arm-none-eabi/lib/armv7e-m\libg.a(lib_a-atexit.o)
                              c:/program files/gnu tools arm embedded/5.4 2016q2/bin/../lib/gcc/arm-none-eabi/5.4.1/../../../../arm-none-eabi/lib/armv7e-m\libg.a(lib_a-__call_atexit.o) (atexit)
c:/program files/gnu tools arm embedded/5.4 2016q2/bin/../lib/gcc/arm-none-eabi/5.4.1/../../../../arm-none-eabi/lib/armv7e-m\libg.a(lib_a-fini.o)
                              c:/program files/gnu tools arm embedded/5.4 2016q2/bin/../lib/gcc/arm-none-eabi/5.4.1/../../../../arm-none-eabi/lib/armv7e-m\libg.a(lib_a-__call_atexit.o) (__libc_fini_array)
c:/program files/gnu tools arm embedded/5.4 2016q2/bin/../lib/gcc/arm-none-eabi/5.4.1/../../../../arm-none-eabi/lib/armv7e-m\libg.a(lib_a-__atexit.o)
                              c:/program files/gnu tools arm embedded/5.4 2016q2/bin/../lib/gcc/arm-none-eabi/5.4.1/../../../../arm-none-eabi/lib/armv7e-m\libg.a(lib_a-atexit.o) (__register_exitproc)

Discarded input sections

 .text          0x00000000        0x0 c:/program files/gnu tools arm embedded/5.4 2016q2/bin/../lib/gcc/arm-none-eabi/5.4.1/armv7e-m/crti.o
 .data          0x00000000        0x0 c:/program files/gnu tools arm embedded/5.4 2016q2/bin/../lib/gcc/arm-none-eabi/5.4.1/armv7e-m/crti.o
 .bss           0x00000000        0x0 c:/program files/gnu tools arm embedded/5.4 2016q2/bin/../lib/gcc/arm-none-eabi/5.4.1/armv7e-m/crti.o
 .data          0x00000000        0x4 c:/program files/gnu tools arm embedded/5.4 2016q2/bin/../lib/gcc/arm-none-eabi/5.4.1/armv7e-m/crtbegin.o
 .text          0x00000000       0x74 c:/program files/gnu tools arm embedded/5.4 2016q2/bin/../lib/gcc/arm-none-eabi/5.4.1/../../../../arm-none-eabi/lib/armv7e-m/crt0.o
 .data          0x00000000        0x0 c:/program files/gnu tools arm embedded/5.4 2016q2/bin/../lib/gcc/arm-none-eabi/5.4.1/../../../../arm-none-eabi/lib/armv7e-m/crt0.o
 .bss           0x00000000        0x0 c:/program files/gnu tools arm embedded/5.4 2016q2/bin/../lib/gcc/arm-none-eabi/5.4.1/../../../../arm-none-eabi/lib/armv7e-m/crt0.o
 .ARM.extab     0x00000000        0x0 c:/program files/gnu tools arm embedded/5.4 2016q2/bin/../lib/gcc/arm-none-eabi/5.4.1/../../../../arm-none-eabi/lib/armv7e-m/crt0.o
 .ARM.exidx     0x00000000        0x8 c:/program files/gnu tools arm embedded/5.4 2016q2/bin/../lib/gcc/arm-none-eabi/5.4.1/../../../../arm-none-eabi/lib/armv7e-m/crt0.o
 .ARM.attributes
                0x00000000       0x1c c:/program files/gnu tools arm embedded/5.4 2016q2/bin/../lib/gcc/arm-none-eabi/5.4.1/../../../../arm-none-eabi/lib/armv7e-m/crt0.o
 .data          0x00000000        0x0 ..\obj\main.o
 .bss           0x00000000        0x0 ..\obj\main.o
 .text          0x00000000       0x14 ..\obj\startup_stm32f407xx.o
 .data          0x00000000        0x0 ..\obj\startup_stm32f407xx.o
 .bss           0x00000000        0x0 ..\obj\startup_stm32f407xx.o
 .text          0x00000000        0x0 ..\..\..\libuart_utils_lib.a(uart_utils.o)
 .data          0x00000000        0x0 ..\..\..\libuart_utils_lib.a(uart_utils.o)
 .bss           0x00000000        0x0 ..\..\..\libuart_utils_lib.a(uart_utils.o)
 .text.uart_init
                0x00000000       0x8c ..\..\..\libuart_utils_lib.a(uart_utils.o)
 .text.init_dpad
                0x00000000       0xa0 ..\..\..\libuart_utils_lib.a(uart_utils.o)
 .text.init_stepper_motor
                0x00000000       0x70 ..\..\..\libuart_utils_lib.a(uart_utils.o)
 .text.init_leds
                0x00000000       0x3c ..\..\..\libuart_utils_lib.a(uart_utils.o)
 .text.readIO   0x00000000       0x4c ..\..\..\libuart_utils_lib.a(uart_utils.o)
 .text.uart_write
                0x00000000       0x34 ..\..\..\libuart_utils_lib.a(uart_utils.o)
 .text.uart_read
                0x00000000       0x24 ..\..\..\libuart_utils_lib.a(uart_utils.o)
 .text          0x00000000        0x0 ..\..\..\libuart_utils_lib.a(stm32f4xx_gpio.o)
 .data          0x00000000        0x0 ..\..\..\libuart_utils_lib.a(stm32f4xx_gpio.o)
 .bss           0x00000000        0x0 ..\..\..\libuart_utils_lib.a(stm32f4xx_gpio.o)
 .text.GPIO_DeInit
                0x00000000      0x120 ..\..\..\libuart_utils_lib.a(stm32f4xx_gpio.o)
 .text.GPIO_StructInit
                0x00000000       0x34 ..\..\..\libuart_utils_lib.a(stm32f4xx_gpio.o)
 .text.GPIO_PinLockConfig
                0x00000000       0x44 ..\..\..\libuart_utils_lib.a(stm32f4xx_gpio.o)
 .text.GPIO_ReadInputDataBit
                0x00000000       0x34 ..\..\..\libuart_utils_lib.a(stm32f4xx_gpio.o)
 .text.GPIO_ReadInputData
                0x00000000       0x18 ..\..\..\libuart_utils_lib.a(stm32f4xx_gpio.o)
 .text.GPIO_ReadOutputDataBit
                0x00000000       0x34 ..\..\..\libuart_utils_lib.a(stm32f4xx_gpio.o)
 .text.GPIO_ReadOutputData
                0x00000000       0x18 ..\..\..\libuart_utils_lib.a(stm32f4xx_gpio.o)
 .text.GPIO_WriteBit
                0x00000000       0x34 ..\..\..\libuart_utils_lib.a(stm32f4xx_gpio.o)
 .text.GPIO_Write
                0x00000000       0x1c ..\..\..\libuart_utils_lib.a(stm32f4xx_gpio.o)
 .text.GPIO_ToggleBits
                0x00000000       0x24 ..\..\..\libuart_utils_lib.a(stm32f4xx_gpio.o)
 .text.GPIO_PinAFConfig
                0x00000000       0x90 ..\..\..\libuart_utils_lib.a(stm32f4xx_gpio.o)
 .text          0x00000000        0x0 ..\..\..\libuart_utils_lib.a(system_stm32f4xx.o)
 .data          0x00000000       0x14 ..\..\..\libuart_utils_lib.a(system_stm32f4xx.o)
 .bss           0x00000000        0x0 ..\..\..\libuart_utils_lib.a(system_stm32f4xx.o)
 .text.SystemCoreClockUpdate
                0x00000000       0xf4 ..\..\..\libuart_utils_lib.a(system_stm32f4xx.o)
 .text          0x00000000        0x0 ..\..\..\libuart_utils_lib.a(stm32f4xx_usart.o)
 .data          0x00000000        0x0 ..\..\..\libuart_utils_lib.a(stm32f4xx_usart.o)
 .bss           0x00000000        0x0 ..\..\..\libuart_utils_lib.a(stm32f4xx_usart.o)
 .text.USART_DeInit
                0x00000000       0xd4 ..\..\..\libuart_utils_lib.a(stm32f4xx_usart.o)
 .text.USART_Init
                0x00000000      0x170 ..\..\..\libuart_utils_lib.a(stm32f4xx_usart.o)
 .text.USART_StructInit
                0x00000000       0x38 ..\..\..\libuart_utils_lib.a(stm32f4xx_usart.o)
 .text.USART_ClockInit
                0x00000000       0x54 ..\..\..\libuart_utils_lib.a(stm32f4xx_usart.o)
 .text.USART_ClockStructInit
                0x00000000       0x2c ..\..\..\libuart_utils_lib.a(stm32f4xx_usart.o)
 .text.USART_Cmd
                0x00000000       0x38 ..\..\..\libuart_utils_lib.a(stm32f4xx_usart.o)
 .text.USART_SetPrescaler
                0x00000000       0x30 ..\..\..\libuart_utils_lib.a(stm32f4xx_usart.o)
 .text.USART_OverSampling8Cmd
                0x00000000       0x38 ..\..\..\libuart_utils_lib.a(stm32f4xx_usart.o)
 .text.USART_OneBitMethodCmd
                0x00000000       0x38 ..\..\..\libuart_utils_lib.a(stm32f4xx_usart.o)
 .text.USART_SendData
                0x00000000       0x20 ..\..\..\libuart_utils_lib.a(stm32f4xx_usart.o)
 .text.USART_ReceiveData
                0x00000000       0x20 ..\..\..\libuart_utils_lib.a(stm32f4xx_usart.o)
 .text.USART_SetAddress
                0x00000000       0x30 ..\..\..\libuart_utils_lib.a(stm32f4xx_usart.o)
 .text.USART_ReceiverWakeUpCmd
                0x00000000       0x38 ..\..\..\libuart_utils_lib.a(stm32f4xx_usart.o)
 .text.USART_WakeUpConfig
                0x00000000       0x30 ..\..\..\libuart_utils_lib.a(stm32f4xx_usart.o)
 .text.USART_LINBreakDetectLengthConfig
                0x00000000       0x30 ..\..\..\libuart_utils_lib.a(stm32f4xx_usart.o)
 .text.USART_LINCmd
                0x00000000       0x38 ..\..\..\libuart_utils_lib.a(stm32f4xx_usart.o)
 .text.USART_SendBreak
                0x00000000       0x20 ..\..\..\libuart_utils_lib.a(stm32f4xx_usart.o)
 .text.USART_HalfDuplexCmd
                0x00000000       0x38 ..\..\..\libuart_utils_lib.a(stm32f4xx_usart.o)
 .text.USART_SetGuardTime
                0x00000000       0x34 ..\..\..\libuart_utils_lib.a(stm32f4xx_usart.o)
 .text.USART_SmartCardCmd
                0x00000000       0x38 ..\..\..\libuart_utils_lib.a(stm32f4xx_usart.o)
 .text.USART_SmartCardNACKCmd
                0x00000000       0x38 ..\..\..\libuart_utils_lib.a(stm32f4xx_usart.o)
 .text.USART_IrDAConfig
                0x00000000       0x30 ..\..\..\libuart_utils_lib.a(stm32f4xx_usart.o)
 .text.USART_IrDACmd
                0x00000000       0x38 ..\..\..\libuart_utils_lib.a(stm32f4xx_usart.o)
 .text.USART_DMACmd
                0x00000000       0x40 ..\..\..\libuart_utils_lib.a(stm32f4xx_usart.o)
 .text.USART_ITConfig
                0x00000000       0x90 ..\..\..\libuart_utils_lib.a(stm32f4xx_usart.o)
 .text.USART_GetFlagStatus
                0x00000000       0x34 ..\..\..\libuart_utils_lib.a(stm32f4xx_usart.o)
 .text.USART_ClearFlag
                0x00000000       0x24 ..\..\..\libuart_utils_lib.a(stm32f4xx_usart.o)
 .text.USART_GetITStatus
                0x00000000       0xa4 ..\..\..\libuart_utils_lib.a(stm32f4xx_usart.o)
 .text.USART_ClearITPendingBit
                0x00000000       0x3c ..\..\..\libuart_utils_lib.a(stm32f4xx_usart.o)
 .debug_info    0x00000000      0x972 ..\..\..\libuart_utils_lib.a(stm32f4xx_usart.o)
 .debug_abbrev  0x00000000      0x162 ..\..\..\libuart_utils_lib.a(stm32f4xx_usart.o)
 .debug_aranges
                0x00000000      0x100 ..\..\..\libuart_utils_lib.a(stm32f4xx_usart.o)
 .debug_ranges  0x00000000       0xf0 ..\..\..\libuart_utils_lib.a(stm32f4xx_usart.o)
 .debug_line    0x00000000      0x44c ..\..\..\libuart_utils_lib.a(stm32f4xx_usart.o)
 .debug_str     0x00000000      0x644 ..\..\..\libuart_utils_lib.a(stm32f4xx_usart.o)
 .comment       0x00000000       0x6f ..\..\..\libuart_utils_lib.a(stm32f4xx_usart.o)
 .debug_frame   0x00000000      0x490 ..\..\..\libuart_utils_lib.a(stm32f4xx_usart.o)
 .ARM.attributes
                0x00000000       0x33 ..\..\..\libuart_utils_lib.a(stm32f4xx_usart.o)
 .text          0x00000000        0x0 ..\..\..\libuart_utils_lib.a(stm32f4xx_rcc.o)
 .data          0x00000000       0x10 ..\..\..\libuart_utils_lib.a(stm32f4xx_rcc.o)
 .bss           0x00000000        0x0 ..\..\..\libuart_utils_lib.a(stm32f4xx_rcc.o)
 .text.RCC_DeInit
                0x00000000       0x5c ..\..\..\libuart_utils_lib.a(stm32f4xx_rcc.o)
 .text.RCC_HSEConfig
                0x00000000       0x24 ..\..\..\libuart_utils_lib.a(stm32f4xx_rcc.o)
 .text.RCC_WaitForHSEStartUp
                0x00000000       0x50 ..\..\..\libuart_utils_lib.a(stm32f4xx_rcc.o)
 .text.RCC_AdjustHSICalibrationValue
                0x00000000       0x3c ..\..\..\libuart_utils_lib.a(stm32f4xx_rcc.o)
 .text.RCC_HSICmd
                0x00000000       0x20 ..\..\..\libuart_utils_lib.a(stm32f4xx_rcc.o)
 .text.RCC_LSEConfig
                0x00000000       0x40 ..\..\..\libuart_utils_lib.a(stm32f4xx_rcc.o)
 .text.RCC_LSICmd
                0x00000000       0x20 ..\..\..\libuart_utils_lib.a(stm32f4xx_rcc.o)
 .text.RCC_PLLConfig
                0x00000000       0x3c ..\..\..\libuart_utils_lib.a(stm32f4xx_rcc.o)
 .text.RCC_PLLCmd
                0x00000000       0x20 ..\..\..\libuart_utils_lib.a(stm32f4xx_rcc.o)
 .text.RCC_PLLI2SCmd
                0x00000000       0x20 ..\..\..\libuart_utils_lib.a(stm32f4xx_rcc.o)
 .text.RCC_ClockSecuritySystemCmd
                0x00000000       0x20 ..\..\..\libuart_utils_lib.a(stm32f4xx_rcc.o)
 .text.RCC_MCO1Config
                0x00000000       0x3c ..\..\..\libuart_utils_lib.a(stm32f4xx_rcc.o)
 .text.RCC_MCO2Config
                0x00000000       0x3c ..\..\..\libuart_utils_lib.a(stm32f4xx_rcc.o)
 .text.RCC_SYSCLKConfig
                0x00000000       0x38 ..\..\..\libuart_utils_lib.a(stm32f4xx_rcc.o)
 .text.RCC_GetSYSCLKSource
                0x00000000       0x1c ..\..\..\libuart_utils_lib.a(stm32f4xx_rcc.o)
 .text.RCC_HCLKConfig
                0x00000000       0x38 ..\..\..\libuart_utils_lib.a(stm32f4xx_rcc.o)
 .text.RCC_PCLK1Config
                0x00000000       0x38 ..\..\..\libuart_utils_lib.a(stm32f4xx_rcc.o)
 .text.RCC_PCLK2Config
                0x00000000       0x38 ..\..\..\libuart_utils_lib.a(stm32f4xx_rcc.o)
 .text.RCC_GetClocksFreq
                0x00000000      0x150 ..\..\..\libuart_utils_lib.a(stm32f4xx_rcc.o)
 .text.RCC_RTCCLKConfig
                0x00000000       0x5c ..\..\..\libuart_utils_lib.a(stm32f4xx_rcc.o)
 .text.RCC_RTCCLKCmd
                0x00000000       0x20 ..\..\..\libuart_utils_lib.a(stm32f4xx_rcc.o)
 .text.RCC_BackupResetCmd
                0x00000000       0x20 ..\..\..\libuart_utils_lib.a(stm32f4xx_rcc.o)
 .text.RCC_I2SCLKConfig
                0x00000000       0x1c ..\..\..\libuart_utils_lib.a(stm32f4xx_rcc.o)
 .text.RCC_TIMCLKPresConfig
                0x00000000       0x1c ..\..\..\libuart_utils_lib.a(stm32f4xx_rcc.o)
 .text.RCC_AHB2PeriphClockCmd
                0x00000000       0x3c ..\..\..\libuart_utils_lib.a(stm32f4xx_rcc.o)
 .text.RCC_AHB3PeriphClockCmd
                0x00000000       0x3c ..\..\..\libuart_utils_lib.a(stm32f4xx_rcc.o)
 .text.RCC_APB1PeriphClockCmd
                0x00000000       0x3c ..\..\..\libuart_utils_lib.a(stm32f4xx_rcc.o)
 .text.RCC_APB2PeriphClockCmd
                0x00000000       0x3c ..\..\..\libuart_utils_lib.a(stm32f4xx_rcc.o)
 .text.RCC_AHB1PeriphResetCmd
                0x00000000       0x3c ..\..\..\libuart_utils_lib.a(stm32f4xx_rcc.o)
 .text.RCC_AHB2PeriphResetCmd
                0x00000000       0x3c ..\..\..\libuart_utils_lib.a(stm32f4xx_rcc.o)
 .text.RCC_AHB3PeriphResetCmd
                0x00000000       0x3c ..\..\..\libuart_utils_lib.a(stm32f4xx_rcc.o)
 .text.RCC_APB1PeriphResetCmd
                0x00000000       0x3c ..\..\..\libuart_utils_lib.a(stm32f4xx_rcc.o)
 .text.RCC_APB2PeriphResetCmd
                0x00000000       0x3c ..\..\..\libuart_utils_lib.a(stm32f4xx_rcc.o)
 .text.RCC_AHB1PeriphClockLPModeCmd
                0x00000000       0x3c ..\..\..\libuart_utils_lib.a(stm32f4xx_rcc.o)
 .text.RCC_AHB2PeriphClockLPModeCmd
                0x00000000       0x3c ..\..\..\libuart_utils_lib.a(stm32f4xx_rcc.o)
 .text.RCC_AHB3PeriphClockLPModeCmd
                0x00000000       0x3c ..\..\..\libuart_utils_lib.a(stm32f4xx_rcc.o)
 .text.RCC_APB1PeriphClockLPModeCmd
                0x00000000       0x3c ..\..\..\libuart_utils_lib.a(stm32f4xx_rcc.o)
 .text.RCC_APB2PeriphClockLPModeCmd
                0x00000000       0x3c ..\..\..\libuart_utils_lib.a(stm32f4xx_rcc.o)
 .text.RCC_ITConfig
                0x00000000       0x4c ..\..\..\libuart_utils_lib.a(stm32f4xx_rcc.o)
 .text.RCC_GetFlagStatus
                0x00000000       0x74 ..\..\..\libuart_utils_lib.a(stm32f4xx_rcc.o)
 .text.RCC_ClearFlag
                0x00000000       0x1c ..\..\..\libuart_utils_lib.a(stm32f4xx_rcc.o)
 .text.RCC_GetITStatus
                0x00000000       0x34 ..\..\..\libuart_utils_lib.a(stm32f4xx_rcc.o)
 .text.RCC_ClearITPendingBit
                0x00000000       0x20 ..\..\..\libuart_utils_lib.a(stm32f4xx_rcc.o)
 .text          0x00000000        0x0 c:/program files/gnu tools arm embedded/5.4 2016q2/bin/../lib/gcc/arm-none-eabi/5.4.1/../../../../arm-none-eabi/lib/armv7e-m\libg.a(lib_a-exit.o)
 .data          0x00000000        0x0 c:/program files/gnu tools arm embedded/5.4 2016q2/bin/../lib/gcc/arm-none-eabi/5.4.1/../../../../arm-none-eabi/lib/armv7e-m\libg.a(lib_a-exit.o)
 .bss           0x00000000        0x0 c:/program files/gnu tools arm embedded/5.4 2016q2/bin/../lib/gcc/arm-none-eabi/5.4.1/../../../../arm-none-eabi/lib/armv7e-m\libg.a(lib_a-exit.o)
 .text.exit     0x00000000       0x20 c:/program files/gnu tools arm embedded/5.4 2016q2/bin/../lib/gcc/arm-none-eabi/5.4.1/../../../../arm-none-eabi/lib/armv7e-m\libg.a(lib_a-exit.o)
 .debug_frame   0x00000000       0x28 c:/program files/gnu tools arm embedded/5.4 2016q2/bin/../lib/gcc/arm-none-eabi/5.4.1/../../../../arm-none-eabi/lib/armv7e-m\libg.a(lib_a-exit.o)
 .ARM.attributes
                0x00000000       0x2e c:/program files/gnu tools arm embedded/5.4 2016q2/bin/../lib/gcc/arm-none-eabi/5.4.1/../../../../arm-none-eabi/lib/armv7e-m\libg.a(lib_a-exit.o)
 .text          0x00000000        0x0 c:/program files/gnu tools arm embedded/5.4 2016q2/bin/../lib/gcc/arm-none-eabi/5.4.1/../../../../arm-none-eabi/lib/armv7e-m\libg.a(lib_a-impure.o)
 .data          0x00000000        0x0 c:/program files/gnu tools arm embedded/5.4 2016q2/bin/../lib/gcc/arm-none-eabi/5.4.1/../../../../arm-none-eabi/lib/armv7e-m\libg.a(lib_a-impure.o)
 .bss           0x00000000        0x0 c:/program files/gnu tools arm embedded/5.4 2016q2/bin/../lib/gcc/arm-none-eabi/5.4.1/../../../../arm-none-eabi/lib/armv7e-m\libg.a(lib_a-impure.o)
 .data._impure_ptr
                0x00000000        0x4 c:/program files/gnu tools arm embedded/5.4 2016q2/bin/../lib/gcc/arm-none-eabi/5.4.1/../../../../arm-none-eabi/lib/armv7e-m\libg.a(lib_a-impure.o)
 .text          0x00000000        0x0 c:/program files/gnu tools arm embedded/5.4 2016q2/bin/../lib/gcc/arm-none-eabi/5.4.1/../../../../arm-none-eabi/lib/armv7e-m\libg.a(lib_a-init.o)
 .data          0x00000000        0x0 c:/program files/gnu tools arm embedded/5.4 2016q2/bin/../lib/gcc/arm-none-eabi/5.4.1/../../../../arm-none-eabi/lib/armv7e-m\libg.a(lib_a-init.o)
 .bss           0x00000000        0x0 c:/program files/gnu tools arm embedded/5.4 2016q2/bin/../lib/gcc/arm-none-eabi/5.4.1/../../../../arm-none-eabi/lib/armv7e-m\libg.a(lib_a-init.o)
 .text.__libc_init_array
                0x00000000       0x50 c:/program files/gnu tools arm embedded/5.4 2016q2/bin/../lib/gcc/arm-none-eabi/5.4.1/../../../../arm-none-eabi/lib/armv7e-m\libg.a(lib_a-init.o)
 .debug_frame   0x00000000       0x2c c:/program files/gnu tools arm embedded/5.4 2016q2/bin/../lib/gcc/arm-none-eabi/5.4.1/../../../../arm-none-eabi/lib/armv7e-m\libg.a(lib_a-init.o)
 .ARM.attributes
                0x00000000       0x2e c:/program files/gnu tools arm embedded/5.4 2016q2/bin/../lib/gcc/arm-none-eabi/5.4.1/../../../../arm-none-eabi/lib/armv7e-m\libg.a(lib_a-init.o)
 .text          0x00000000        0x0 c:/program files/gnu tools arm embedded/5.4 2016q2/bin/../lib/gcc/arm-none-eabi/5.4.1/../../../../arm-none-eabi/lib/armv7e-m\libg.a(lib_a-memset.o)
 .data          0x00000000        0x0 c:/program files/gnu tools arm embedded/5.4 2016q2/bin/../lib/gcc/arm-none-eabi/5.4.1/../../../../arm-none-eabi/lib/armv7e-m\libg.a(lib_a-memset.o)
 .bss           0x00000000        0x0 c:/program files/gnu tools arm embedded/5.4 2016q2/bin/../lib/gcc/arm-none-eabi/5.4.1/../../../../arm-none-eabi/lib/armv7e-m\libg.a(lib_a-memset.o)
 .text.memset   0x00000000       0x9c c:/program files/gnu tools arm embedded/5.4 2016q2/bin/../lib/gcc/arm-none-eabi/5.4.1/../../../../arm-none-eabi/lib/armv7e-m\libg.a(lib_a-memset.o)
 .debug_frame   0x00000000       0x34 c:/program files/gnu tools arm embedded/5.4 2016q2/bin/../lib/gcc/arm-none-eabi/5.4.1/../../../../arm-none-eabi/lib/armv7e-m\libg.a(lib_a-memset.o)
 .ARM.attributes
                0x00000000       0x2e c:/program files/gnu tools arm embedded/5.4 2016q2/bin/../lib/gcc/arm-none-eabi/5.4.1/../../../../arm-none-eabi/lib/armv7e-m\libg.a(lib_a-memset.o)
 .text          0x00000000        0x0 c:/program files/gnu tools arm embedded/5.4 2016q2/bin/../lib/gcc/arm-none-eabi/5.4.1/../../../../arm-none-eabi/lib/armv7e-m\libg.a(lib_a-__call_atexit.o)
 .data          0x00000000        0x0 c:/program files/gnu tools arm embedded/5.4 2016q2/bin/../lib/gcc/arm-none-eabi/5.4.1/../../../../arm-none-eabi/lib/armv7e-m\libg.a(lib_a-__call_atexit.o)
 .bss           0x00000000        0x0 c:/program files/gnu tools arm embedded/5.4 2016q2/bin/../lib/gcc/arm-none-eabi/5.4.1/../../../../arm-none-eabi/lib/armv7e-m\libg.a(lib_a-__call_atexit.o)
 .text.__call_exitprocs
                0x00000000       0xd8 c:/program files/gnu tools arm embedded/5.4 2016q2/bin/../lib/gcc/arm-none-eabi/5.4.1/../../../../arm-none-eabi/lib/armv7e-m\libg.a(lib_a-__call_atexit.o)
 .text          0x00000000        0x0 c:/program files/gnu tools arm embedded/5.4 2016q2/bin/../lib/gcc/arm-none-eabi/5.4.1/../../../../arm-none-eabi/lib/armv7e-m\libg.a(lib_a-atexit.o)
 .data          0x00000000        0x0 c:/program files/gnu tools arm embedded/5.4 2016q2/bin/../lib/gcc/arm-none-eabi/5.4.1/../../../../arm-none-eabi/lib/armv7e-m\libg.a(lib_a-atexit.o)
 .bss           0x00000000        0x0 c:/program files/gnu tools arm embedded/5.4 2016q2/bin/../lib/gcc/arm-none-eabi/5.4.1/../../../../arm-none-eabi/lib/armv7e-m\libg.a(lib_a-atexit.o)
 .text          0x00000000        0x0 c:/program files/gnu tools arm embedded/5.4 2016q2/bin/../lib/gcc/arm-none-eabi/5.4.1/../../../../arm-none-eabi/lib/armv7e-m\libg.a(lib_a-fini.o)
 .data          0x00000000        0x0 c:/program files/gnu tools arm embedded/5.4 2016q2/bin/../lib/gcc/arm-none-eabi/5.4.1/../../../../arm-none-eabi/lib/armv7e-m\libg.a(lib_a-fini.o)
 .bss           0x00000000        0x0 c:/program files/gnu tools arm embedded/5.4 2016q2/bin/../lib/gcc/arm-none-eabi/5.4.1/../../../../arm-none-eabi/lib/armv7e-m\libg.a(lib_a-fini.o)
 .text          0x00000000        0x0 c:/program files/gnu tools arm embedded/5.4 2016q2/bin/../lib/gcc/arm-none-eabi/5.4.1/../../../../arm-none-eabi/lib/armv7e-m\libg.a(lib_a-__atexit.o)
 .data          0x00000000        0x0 c:/program files/gnu tools arm embedded/5.4 2016q2/bin/../lib/gcc/arm-none-eabi/5.4.1/../../../../arm-none-eabi/lib/armv7e-m\libg.a(lib_a-__atexit.o)
 .bss           0x00000000        0x0 c:/program files/gnu tools arm embedded/5.4 2016q2/bin/../lib/gcc/arm-none-eabi/5.4.1/../../../../arm-none-eabi/lib/armv7e-m\libg.a(lib_a-__atexit.o)
 .text          0x00000000        0x0 c:/program files/gnu tools arm embedded/5.4 2016q2/bin/../lib/gcc/arm-none-eabi/5.4.1/armv7e-m/crtend.o
 .data          0x00000000        0x0 c:/program files/gnu tools arm embedded/5.4 2016q2/bin/../lib/gcc/arm-none-eabi/5.4.1/armv7e-m/crtend.o
 .bss           0x00000000        0x0 c:/program files/gnu tools arm embedded/5.4 2016q2/bin/../lib/gcc/arm-none-eabi/5.4.1/armv7e-m/crtend.o
 .eh_frame      0x00000000        0x4 c:/program files/gnu tools arm embedded/5.4 2016q2/bin/../lib/gcc/arm-none-eabi/5.4.1/armv7e-m/crtend.o
 .text          0x00000000        0x0 c:/program files/gnu tools arm embedded/5.4 2016q2/bin/../lib/gcc/arm-none-eabi/5.4.1/armv7e-m/crtn.o
 .data          0x00000000        0x0 c:/program files/gnu tools arm embedded/5.4 2016q2/bin/../lib/gcc/arm-none-eabi/5.4.1/armv7e-m/crtn.o
 .bss           0x00000000        0x0 c:/program files/gnu tools arm embedded/5.4 2016q2/bin/../lib/gcc/arm-none-eabi/5.4.1/armv7e-m/crtn.o

Memory Configuration

Name             Origin             Length             Attributes
rom              0x08000000         0x00100000         xr
ram              0x20000000         0x00020000         xrw
ram1             0x10000000         0x00010000         xrw
*default*        0x00000000         0xffffffff

Linker script and memory map

LOAD c:/program files/gnu tools arm embedded/5.4 2016q2/bin/../lib/gcc/arm-none-eabi/5.4.1/armv7e-m/crti.o
LOAD c:/program files/gnu tools arm embedded/5.4 2016q2/bin/../lib/gcc/arm-none-eabi/5.4.1/armv7e-m/crtbegin.o
LOAD c:/program files/gnu tools arm embedded/5.4 2016q2/bin/../lib/gcc/arm-none-eabi/5.4.1/../../../../arm-none-eabi/lib/armv7e-m/crt0.o
                0x20020000                _eram = 0x20020000

.text           0x08000000      0x9d8
 *(.isr_vector)
 .isr_vector    0x08000000      0x188 ..\obj\startup_stm32f407xx.o
                0x08000000                g_pfnVectors
 *(.text*)
 .text          0x08000188       0x5c c:/program files/gnu tools arm embedded/5.4 2016q2/bin/../lib/gcc/arm-none-eabi/5.4.1/armv7e-m/crtbegin.o
 .text          0x080001e4      0x2dc ..\obj\main.o
                0x080001e4                main
 .text.Reset_Handler
                0x080004c0       0x44 ..\obj\startup_stm32f407xx.o
                0x080004c0                Reset_Handler
 .text.Default_Handler
                0x08000504        0x2 ..\obj\startup_stm32f407xx.o
                0x08000504                RTC_Alarm_IRQHandler
                0x08000504                HASH_RNG_IRQHandler
                0x08000504                EXTI2_IRQHandler
                0x08000504                TIM8_CC_IRQHandler
                0x08000504                DebugMon_Handler
                0x08000504                TIM1_CC_IRQHandler
                0x08000504                DMA2_Stream5_IRQHandler
                0x08000504                HardFault_Handler
                0x08000504                DMA1_Stream5_IRQHandler
                0x08000504                SysTick_Handler
                0x08000504                PVD_IRQHandler
                0x08000504                SDIO_IRQHandler
                0x08000504                TAMP_STAMP_IRQHandler
                0x08000504                PendSV_Handler
                0x08000504                NMI_Handler
                0x08000504                CAN2_RX1_IRQHandler
                0x08000504                EXTI3_IRQHandler
                0x08000504                TIM8_TRG_COM_TIM14_IRQHandler
                0x08000504                TIM1_UP_TIM10_IRQHandler
                0x08000504                TIM8_UP_TIM13_IRQHandler
                0x08000504                I2C3_ER_IRQHandler
                0x08000504                EXTI0_IRQHandler
                0x08000504                I2C2_EV_IRQHandler
                0x08000504                DMA1_Stream2_IRQHandler
                0x08000504                CAN1_RX0_IRQHandler
                0x08000504                FPU_IRQHandler
                0x08000504                OTG_HS_WKUP_IRQHandler
                0x08000504                UsageFault_Handler
                0x08000504                CAN2_SCE_IRQHandler
                0x08000504                DMA2_Stream2_IRQHandler
                0x08000504                SPI1_IRQHandler
                0x08000504                TIM6_DAC_IRQHandler
                0x08000504                TIM1_BRK_TIM9_IRQHandler
                0x08000504                DCMI_IRQHandler
                0x08000504                CAN2_RX0_IRQHandler
                0x08000504                DMA2_Stream3_IRQHandler
                0x08000504                USART6_IRQHandler
                0x08000504                USART3_IRQHandler
                0x08000504                CRYP_IRQHandler
                0x08000504                CAN1_RX1_IRQHandler
                0x08000504                UART5_IRQHandler
                0x08000504                DMA2_Stream0_IRQHandler
                0x08000504                TIM4_IRQHandler
                0x08000504                I2C1_EV_IRQHandler
                0x08000504                DMA1_Stream6_IRQHandler
                0x08000504                DMA1_Stream1_IRQHandler
                0x08000504                UART4_IRQHandler
                0x08000504                TIM3_IRQHandler
                0x08000504                RCC_IRQHandler
                0x08000504                TIM8_BRK_TIM12_IRQHandler
                0x08000504                Default_Handler
                0x08000504                EXTI15_10_IRQHandler
                0x08000504                ADC_IRQHandler
                0x08000504                DMA1_Stream7_IRQHandler
                0x08000504                TIM7_IRQHandler
                0x08000504                CAN2_TX_IRQHandler
                0x08000504                TIM5_IRQHandler
                0x08000504                DMA2_Stream7_IRQHandler
                0x08000504                I2C3_EV_IRQHandler
                0x08000504                EXTI9_5_IRQHandler
                0x08000504                RTC_WKUP_IRQHandler
                0x08000504                ETH_WKUP_IRQHandler
                0x08000504                SPI2_IRQHandler
                0x08000504                OTG_HS_EP1_IN_IRQHandler
                0x08000504                MemManage_Handler
                0x08000504                DMA1_Stream0_IRQHandler
                0x08000504                CAN1_TX_IRQHandler
                0x08000504                SVC_Handler
                0x08000504                EXTI4_IRQHandler
                0x08000504                FSMC_IRQHandler
                0x08000504                ETH_IRQHandler
                0x08000504                OTG_HS_EP1_OUT_IRQHandler
                0x08000504                WWDG_IRQHandler
                0x08000504                TIM2_IRQHandler
                0x08000504                OTG_FS_WKUP_IRQHandler
                0x08000504                TIM1_TRG_COM_TIM11_IRQHandler
                0x08000504                OTG_HS_IRQHandler
                0x08000504                EXTI1_IRQHandler
                0x08000504                USART2_IRQHandler
                0x08000504                I2C2_ER_IRQHandler
                0x08000504                DMA2_Stream1_IRQHandler
                0x08000504                CAN1_SCE_IRQHandler
                0x08000504                FLASH_IRQHandler
                0x08000504                DMA2_Stream4_IRQHandler
                0x08000504                BusFault_Handler
                0x08000504                USART1_IRQHandler
                0x08000504                OTG_FS_IRQHandler
                0x08000504                SPI3_IRQHandler
                0x08000504                DMA1_Stream4_IRQHandler
                0x08000504                I2C1_ER_IRQHandler
                0x08000504                DMA2_Stream6_IRQHandler
                0x08000504                DMA1_Stream3_IRQHandler
 *fill*         0x08000506        0x2 
 .text.init_rgb_display
                0x08000508       0x74 ..\..\..\libuart_utils_lib.a(uart_utils.o)
                0x08000508                init_rgb_display
 .text.writeIO  0x0800057c       0x90 ..\..\..\libuart_utils_lib.a(uart_utils.o)
                0x0800057c                writeIO
 .text.GPIO_Init
                0x0800060c      0x11c ..\..\..\libuart_utils_lib.a(stm32f4xx_gpio.o)
                0x0800060c                GPIO_Init
 .text.GPIO_SetBits
                0x08000728       0x1c ..\..\..\libuart_utils_lib.a(stm32f4xx_gpio.o)
                0x08000728                GPIO_SetBits
 .text.GPIO_ResetBits
                0x08000744       0x20 ..\..\..\libuart_utils_lib.a(stm32f4xx_gpio.o)
                0x08000744                GPIO_ResetBits
 .text.SystemInit
                0x08000764       0x5c ..\..\..\libuart_utils_lib.a(system_stm32f4xx.o)
                0x08000764                SystemInit
 .text.SetSysClock
                0x080007c0       0xd0 ..\..\..\libuart_utils_lib.a(system_stm32f4xx.o)
 .text.RCC_AHB1PeriphClockCmd
                0x08000890       0x3c ..\..\..\libuart_utils_lib.a(stm32f4xx_rcc.o)
                0x08000890                RCC_AHB1PeriphClockCmd
 .text.startup.register_fini
                0x080008cc       0x14 c:/program files/gnu tools arm embedded/5.4 2016q2/bin/../lib/gcc/arm-none-eabi/5.4.1/../../../../arm-none-eabi/lib/armv7e-m\libg.a(lib_a-__call_atexit.o)
 .text.atexit   0x080008e0        0xc c:/program files/gnu tools arm embedded/5.4 2016q2/bin/../lib/gcc/arm-none-eabi/5.4.1/../../../../arm-none-eabi/lib/armv7e-m\libg.a(lib_a-atexit.o)
                0x080008e0                atexit
 .text.__libc_fini_array
                0x080008ec       0x28 c:/program files/gnu tools arm embedded/5.4 2016q2/bin/../lib/gcc/arm-none-eabi/5.4.1/../../../../arm-none-eabi/lib/armv7e-m\libg.a(lib_a-fini.o)
                0x080008ec                __libc_fini_array
 .text.__register_exitproc
                0x08000914       0xa4 c:/program files/gnu tools arm embedded/5.4 2016q2/bin/../lib/gcc/arm-none-eabi/5.4.1/../../../../arm-none-eabi/lib/armv7e-m\libg.a(lib_a-__atexit.o)
                0x08000914                __register_exitproc
 *(.init)
 .init          0x080009b8        0x4 c:/program files/gnu tools arm embedded/5.4 2016q2/bin/../lib/gcc/arm-none-eabi/5.4.1/armv7e-m/crti.o
                0x080009b8                _init
 .init          0x080009bc        0x8 c:/program files/gnu tools arm embedded/5.4 2016q2/bin/../lib/gcc/arm-none-eabi/5.4.1/armv7e-m/crtn.o
 *(.fini)
 .fini          0x080009c4        0x4 c:/program files/gnu tools arm embedded/5.4 2016q2/bin/../lib/gcc/arm-none-eabi/5.4.1/armv7e-m/crti.o
                0x080009c4                _fini
 .fini          0x080009c8        0x8 c:/program files/gnu tools arm embedded/5.4 2016q2/bin/../lib/gcc/arm-none-eabi/5.4.1/armv7e-m/crtn.o
 *crtbegin.o(.ctors)
 *crtbegin?.o(.ctors)
 *(EXCLUDE_FILE(*crtend.o *crtend?.o) .ctors)
 *(SORT(.ctors.*))
 *(.ctors)
 *crtbegin.o(.dtors)
 *crtbegin?.o(.dtors)
 *(EXCLUDE_FILE(*crtend.o *crtend?.o) .dtors)
 *(SORT(.dtors.*))
 *(.dtors)
 *(.rodata*)
 .rodata.str1.4
                0x080009d0        0x4 c:/program files/gnu tools arm embedded/5.4 2016q2/bin/../lib/gcc/arm-none-eabi/5.4.1/../../../../arm-none-eabi/lib/armv7e-m\libg.a(lib_a-impure.o)
                                  0x2 (size before relaxing)
 .rodata._global_impure_ptr
                0x080009d4        0x4 c:/program files/gnu tools arm embedded/5.4 2016q2/bin/../lib/gcc/arm-none-eabi/5.4.1/../../../../arm-none-eabi/lib/armv7e-m\libg.a(lib_a-impure.o)
                0x080009d4                _global_impure_ptr
 *(.eh_fram e*)

.eh_frame       0x080009d8        0x0
 .eh_frame      0x080009d8        0x0 c:/program files/gnu tools arm embedded/5.4 2016q2/bin/../lib/gcc/arm-none-eabi/5.4.1/armv7e-m/crtbegin.o

.glue_7         0x080009d8        0x0
 .glue_7        0x080009d8        0x0 linker stubs

.glue_7t        0x080009d8        0x0
 .glue_7t       0x080009d8        0x0 linker stubs

.vfp11_veneer   0x080009d8        0x0
 .vfp11_veneer  0x080009d8        0x0 linker stubs

.v4_bx          0x080009d8        0x0
 .v4_bx         0x080009d8        0x0 linker stubs

.iplt           0x080009d8        0x0
 .iplt          0x080009d8        0x0 c:/program files/gnu tools arm embedded/5.4 2016q2/bin/../lib/gcc/arm-none-eabi/5.4.1/armv7e-m/crtbegin.o

.rel.dyn        0x080009d8        0x0
 .rel.iplt      0x080009d8        0x0 c:/program files/gnu tools arm embedded/5.4 2016q2/bin/../lib/gcc/arm-none-eabi/5.4.1/armv7e-m/crtbegin.o

.ARM.extab
 *(.ARM.extab* .gnu.linkonce.armextab.*)
                0x080009d8                __exidx_start = .

.ARM.exidx
 *(.ARM.exidx* .gnu.linkonce.armexidx.*)
                0x080009d8                __exidx_end = .
                0x080009d8                __etext = .
                0x080009d8                _sidata = __etext

.data           0x20000000      0x438 load address 0x080009d8
                0x20000000                __data_start__ = .
                0x20000000                _sdata = __data_start__
 *(vtable)
 *(.data*)
 .data.impure_data
                0x20000000      0x428 c:/program files/gnu tools arm embedded/5.4 2016q2/bin/../lib/gcc/arm-none-eabi/5.4.1/../../../../arm-none-eabi/lib/armv7e-m\libg.a(lib_a-impure.o)
                0x20000428                . = ALIGN (0x4)
                0x20000428                PROVIDE (__preinit_array_start, .)
 *(.preinit_array)
                0x20000428                PROVIDE (__preinit_array_end, .)
                0x20000428                . = ALIGN (0x4)
                0x20000428                PROVIDE (__init_array_start, .)
 *(SORT(.init_array.*))
 .init_array.00000
                0x20000428        0x4 c:/program files/gnu tools arm embedded/5.4 2016q2/bin/../lib/gcc/arm-none-eabi/5.4.1/../../../../arm-none-eabi/lib/armv7e-m\libg.a(lib_a-__call_atexit.o)
 *(.init_array)
 .init_array    0x2000042c        0x4 c:/program files/gnu tools arm embedded/5.4 2016q2/bin/../lib/gcc/arm-none-eabi/5.4.1/armv7e-m/crtbegin.o
                0x20000430                PROVIDE (__init_array_end, .)
                0x20000430                . = ALIGN (0x4)
                0x20000430                PROVIDE (__fini_array_start, .)
 *(SORT(.fini_array.*))
 *(.fini_array)
 .fini_array    0x20000430        0x4 c:/program files/gnu tools arm embedded/5.4 2016q2/bin/../lib/gcc/arm-none-eabi/5.4.1/armv7e-m/crtbegin.o
                0x20000434                PROVIDE (__fini_array_end, .)
 *(.jcr*)
 .jcr           0x20000434        0x0 c:/program files/gnu tools arm embedded/5.4 2016q2/bin/../lib/gcc/arm-none-eabi/5.4.1/armv7e-m/crtbegin.o
 .jcr           0x20000434        0x4 c:/program files/gnu tools arm embedded/5.4 2016q2/bin/../lib/gcc/arm-none-eabi/5.4.1/armv7e-m/crtend.o
                0x20000438                . = ALIGN (0x4)
                0x20000438                __data_end__ = .
                0x20000438                _edata = __data_end__

.igot.plt       0x20000438        0x0 load address 0x08000e10
 .igot.plt      0x20000438        0x0 c:/program files/gnu tools arm embedded/5.4 2016q2/bin/../lib/gcc/arm-none-eabi/5.4.1/armv7e-m/crtbegin.o

.bss            0x20000438       0x1c load address 0x08000e10
                0x20000438                . = ALIGN (0x4)
                0x20000438                __bss_start__ = .
                0x20000438                _sbss = __bss_start__
 *(.bss*)
 .bss           0x20000438       0x1c c:/program files/gnu tools arm embedded/5.4 2016q2/bin/../lib/gcc/arm-none-eabi/5.4.1/armv7e-m/crtbegin.o
 *(COMMON)
                0x20000454                . = ALIGN (0x4)
                0x20000454                __bss_end__ = .
                0x20000454                _ebss = __bss_end__

.heap           0x20000454        0x0
                0x20000454                __end__ = .
                0x20000454                _end = __end__
                0x20000454                end = __end__
 *(.heap*)
                0x20000454                __HeapLimit = .

.co_stack       0x20000454        0x4 load address 0x08000e2c
                0x20000458                . = ALIGN (0x8)
 *fill*         0x20000454        0x4 
 *(.co_stack .co_stack.*)
                0x20020000                __StackTop = (ORIGIN (ram) + LENGTH (ram))
                0x2001fffc                __StackLimit = (__StackTop - SIZEOF (.co_stack))
                0x20020000                PROVIDE (__stack, __StackTop)
                0x00000001                ASSERT ((__StackLimit >= __HeapLimit), region ram  overflowed with stack)
LOAD ..\obj\main.o
LOAD ..\obj\startup_stm32f407xx.o
LOAD ..\..\..\libuart_utils_lib.a
START GROUP
LOAD c:/program files/gnu tools arm embedded/5.4 2016q2/bin/../lib/gcc/arm-none-eabi/5.4.1/armv7e-m\libgcc.a
LOAD c:/program files/gnu tools arm embedded/5.4 2016q2/bin/../lib/gcc/arm-none-eabi/5.4.1/../../../../arm-none-eabi/lib/armv7e-m\libg.a
LOAD c:/program files/gnu tools arm embedded/5.4 2016q2/bin/../lib/gcc/arm-none-eabi/5.4.1/../../../../arm-none-eabi/lib/armv7e-m\libc.a
END GROUP
LOAD c:/program files/gnu tools arm embedded/5.4 2016q2/bin/../lib/gcc/arm-none-eabi/5.4.1/armv7e-m/crtend.o
LOAD c:/program files/gnu tools arm embedded/5.4 2016q2/bin/../lib/gcc/arm-none-eabi/5.4.1/armv7e-m/crtn.o
OUTPUT(Rgb_display.elf elf32-littlearm)

.ARM.attributes
                0x00000000       0x2a
 .ARM.attributes
                0x00000000       0x1e c:/program files/gnu tools arm embedded/5.4 2016q2/bin/../lib/gcc/arm-none-eabi/5.4.1/armv7e-m/crti.o
 .ARM.attributes
                0x0000001e       0x2e c:/program files/gnu tools arm embedded/5.4 2016q2/bin/../lib/gcc/arm-none-eabi/5.4.1/armv7e-m/crtbegin.o
 .ARM.attributes
                0x0000004c       0x21 ..\obj\main.o
 .ARM.attributes
                0x0000006d       0x21 ..\obj\startup_stm32f407xx.o
 .ARM.attributes
                0x0000008e       0x33 ..\..\..\libuart_utils_lib.a(uart_utils.o)
 .ARM.attributes
                0x000000c1       0x33 ..\..\..\libuart_utils_lib.a(stm32f4xx_gpio.o)
 .ARM.attributes
                0x000000f4       0x33 ..\..\..\libuart_utils_lib.a(system_stm32f4xx.o)
 .ARM.attributes
                0x00000127       0x33 ..\..\..\libuart_utils_lib.a(stm32f4xx_rcc.o)
 .ARM.attributes
                0x0000015a       0x2e c:/program files/gnu tools arm embedded/5.4 2016q2/bin/../lib/gcc/arm-none-eabi/5.4.1/../../../../arm-none-eabi/lib/armv7e-m\libg.a(lib_a-impure.o)
 .ARM.attributes
                0x00000188       0x2e c:/program files/gnu tools arm embedded/5.4 2016q2/bin/../lib/gcc/arm-none-eabi/5.4.1/../../../../arm-none-eabi/lib/armv7e-m\libg.a(lib_a-__call_atexit.o)
 .ARM.attributes
                0x000001b6       0x2e c:/program files/gnu tools arm embedded/5.4 2016q2/bin/../lib/gcc/arm-none-eabi/5.4.1/../../../../arm-none-eabi/lib/armv7e-m\libg.a(lib_a-atexit.o)
 .ARM.attributes
                0x000001e4       0x2e c:/program files/gnu tools arm embedded/5.4 2016q2/bin/../lib/gcc/arm-none-eabi/5.4.1/../../../../arm-none-eabi/lib/armv7e-m\libg.a(lib_a-fini.o)
 .ARM.attributes
                0x00000212       0x2e c:/program files/gnu tools arm embedded/5.4 2016q2/bin/../lib/gcc/arm-none-eabi/5.4.1/../../../../arm-none-eabi/lib/armv7e-m\libg.a(lib_a-__atexit.o)
 .ARM.attributes
                0x00000240       0x2e c:/program files/gnu tools arm embedded/5.4 2016q2/bin/../lib/gcc/arm-none-eabi/5.4.1/armv7e-m/crtend.o
 .ARM.attributes
                0x0000026e       0x1e c:/program files/gnu tools arm embedded/5.4 2016q2/bin/../lib/gcc/arm-none-eabi/5.4.1/armv7e-m/crtn.o

.comment        0x00000000       0x6e
 .comment       0x00000000       0x6e ..\..\..\libuart_utils_lib.a(uart_utils.o)
                                 0x6f (size before relaxing)
 .comment       0x0000006e       0x6f ..\..\..\libuart_utils_lib.a(stm32f4xx_gpio.o)
 .comment       0x0000006e       0x6f ..\..\..\libuart_utils_lib.a(system_stm32f4xx.o)
 .comment       0x0000006e       0x6f ..\..\..\libuart_utils_lib.a(stm32f4xx_rcc.o)

.debug_line     0x00000000      0xea3
 .debug_line    0x00000000      0x13d ..\obj\main.o
 .debug_line    0x0000013d       0xb8 ..\obj\startup_stm32f407xx.o
 .debug_line    0x000001f5      0x29c ..\..\..\libuart_utils_lib.a(uart_utils.o)
 .debug_line    0x00000491      0x2f4 ..\..\..\libuart_utils_lib.a(stm32f4xx_gpio.o)
 .debug_line    0x00000785      0x1e7 ..\..\..\libuart_utils_lib.a(system_stm32f4xx.o)
 .debug_line    0x0000096c      0x537 ..\..\..\libuart_utils_lib.a(stm32f4xx_rcc.o)

.debug_info     0x00000000     0x1e98
 .debug_info    0x00000000       0xd3 ..\obj\main.o
 .debug_info    0x000000d3       0xde ..\obj\startup_stm32f407xx.o
 .debug_info    0x000001b1      0x52c ..\..\..\libuart_utils_lib.a(uart_utils.o)
 .debug_info    0x000006dd      0x60c ..\..\..\libuart_utils_lib.a(stm32f4xx_gpio.o)
 .debug_info    0x00000ce9      0x560 ..\..\..\libuart_utils_lib.a(system_stm32f4xx.o)
 .debug_info    0x00001249      0xc4f ..\..\..\libuart_utils_lib.a(stm32f4xx_rcc.o)

.debug_abbrev   0x00000000      0x62a
 .debug_abbrev  0x00000000       0x14 ..\obj\main.o
 .debug_abbrev  0x00000014       0x12 ..\obj\startup_stm32f407xx.o
 .debug_abbrev  0x00000026      0x178 ..\..\..\libuart_utils_lib.a(uart_utils.o)
 .debug_abbrev  0x0000019e      0x198 ..\..\..\libuart_utils_lib.a(stm32f4xx_gpio.o)
 .debug_abbrev  0x00000336      0x138 ..\..\..\libuart_utils_lib.a(system_stm32f4xx.o)
 .debug_abbrev  0x0000046e      0x1bc ..\..\..\libuart_utils_lib.a(stm32f4xx_rcc.o)

.debug_aranges  0x00000000      0x2d8
 .debug_aranges
                0x00000000       0x20 ..\obj\main.o
 .debug_aranges
                0x00000020       0x28 ..\obj\startup_stm32f407xx.o
 .debug_aranges
                0x00000048       0x60 ..\..\..\libuart_utils_lib.a(uart_utils.o)
 .debug_aranges
                0x000000a8       0x88 ..\..\..\libuart_utils_lib.a(stm32f4xx_gpio.o)
 .debug_aranges
                0x00000130       0x30 ..\..\..\libuart_utils_lib.a(system_stm32f4xx.o)
 .debug_aranges
                0x00000160      0x178 ..\..\..\libuart_utils_lib.a(stm32f4xx_rcc.o)

.debug_ranges   0x00000000      0x270
 .debug_ranges  0x00000000       0x20 ..\obj\startup_stm32f407xx.o
 .debug_ranges  0x00000020       0x50 ..\..\..\libuart_utils_lib.a(uart_utils.o)
 .debug_ranges  0x00000070       0x78 ..\..\..\libuart_utils_lib.a(stm32f4xx_gpio.o)
 .debug_ranges  0x000000e8       0x20 ..\..\..\libuart_utils_lib.a(system_stm32f4xx.o)
 .debug_ranges  0x00000108      0x168 ..\..\..\libuart_utils_lib.a(stm32f4xx_rcc.o)

.debug_str      0x00000000      0xdb9
 .debug_str     0x00000000      0x496 ..\..\..\libuart_utils_lib.a(uart_utils.o)
                                0x4f1 (size before relaxing)
 .debug_str     0x00000496      0x198 ..\..\..\libuart_utils_lib.a(stm32f4xx_gpio.o)
                                0x494 (size before relaxing)
 .debug_str     0x0000062e      0x20f ..\..\..\libuart_utils_lib.a(system_stm32f4xx.o)
                                0x38a (size before relaxing)
 .debug_str     0x0000083d      0x57c ..\..\..\libuart_utils_lib.a(stm32f4xx_rcc.o)
                                0x853 (size before relaxing)

.debug_frame    0x00000000      0xbb4
 .debug_frame   0x00000000      0x150 ..\..\..\libuart_utils_lib.a(uart_utils.o)
 .debug_frame   0x00000150      0x23c ..\..\..\libuart_utils_lib.a(stm32f4xx_gpio.o)
 .debug_frame   0x0000038c       0x7c ..\..\..\libuart_utils_lib.a(system_stm32f4xx.o)
 .debug_frame   0x00000408      0x6d4 ..\..\..\libuart_utils_lib.a(stm32f4xx_rcc.o)
 .debug_frame   0x00000adc       0x50 c:/program files/gnu tools arm embedded/5.4 2016q2/bin/../lib/gcc/arm-none-eabi/5.4.1/../../../../arm-none-eabi/lib/armv7e-m\libg.a(lib_a-__call_atexit.o)
 .debug_frame   0x00000b2c       0x20 c:/program files/gnu tools arm embedded/5.4 2016q2/bin/../lib/gcc/arm-none-eabi/5.4.1/../../../../arm-none-eabi/lib/armv7e-m\libg.a(lib_a-atexit.o)
 .debug_frame   0x00000b4c       0x34 c:/program files/gnu tools arm embedded/5.4 2016q2/bin/../lib/gcc/arm-none-eabi/5.4.1/../../../../arm-none-eabi/lib/armv7e-m\libg.a(lib_a-fini.o)
 .debug_frame   0x00000b80       0x34 c:/program files/gnu tools arm embedded/5.4 2016q2/bin/../lib/gcc/arm-none-eabi/5.4.1/../../../../arm-none-eabi/lib/armv7e-m\libg.a(lib_a-__atexit.o)
