Archive member included to satisfy reference by file (symbol)

..\..\..\..\..\..\..\..\libuart_utils_lib.a(uart_utils.o)
                              ..\obj\main.o (uart_init)
..\..\..\..\..\..\..\..\libuart_utils_lib.a(system_stm32f4xx.o)
                              ..\obj\startup_stm32f407xx.o (SystemInit)
..\..\..\..\..\..\..\..\libuart_utils_lib.a(stm32f4xx_rcc.o)
                              ..\..\..\..\..\..\..\..\libuart_utils_lib.a(uart_utils.o) (RCC_AHB1PeriphClockCmd)
..\..\..\..\..\..\..\..\libuart_utils_lib.a(stm32f4xx_gpio.o)
                              ..\..\..\..\..\..\..\..\libuart_utils_lib.a(uart_utils.o) (GPIO_Init)
..\..\..\..\..\..\..\..\libuart_utils_lib.a(stm32f4xx_usart.o)
                              ..\..\..\..\..\..\..\..\libuart_utils_lib.a(uart_utils.o) (USART_Init)
c:/program files/gnu tools arm embedded/5.4 2016q2/bin/../lib/gcc/arm-none-eabi/5.4.1/../../../../arm-none-eabi/lib/armv7e-m\libg.a(lib_a-exit.o)
                              c:/program files/gnu tools arm embedded/5.4 2016q2/bin/../lib/gcc/arm-none-eabi/5.4.1/../../../../arm-none-eabi/lib/armv7e-m/crt0.o (exit)
c:/program files/gnu tools arm embedded/5.4 2016q2/bin/../lib/gcc/arm-none-eabi/5.4.1/../../../../arm-none-eabi/lib/armv7e-m\libg.a(lib_a-impure.o)
                              c:/program files/gnu tools arm embedded/5.4 2016q2/bin/../lib/gcc/arm-none-eabi/5.4.1/../../../../arm-none-eabi/lib/armv7e-m\libg.a(lib_a-exit.o) (_global_impure_ptr)
c:/program files/gnu tools arm embedded/5.4 2016q2/bin/../lib/gcc/arm-none-eabi/5.4.1/../../../../arm-none-eabi/lib/armv7e-m\libg.a(lib_a-init.o)
                              c:/program files/gnu tools arm embedded/5.4 2016q2/bin/../lib/gcc/arm-none-eabi/5.4.1/../../../../arm-none-eabi/lib/armv7e-m/crt0.o (__libc_init_array)
c:/program files/gnu tools arm embedded/5.4 2016q2/bin/../lib/gcc/arm-none-eabi/5.4.1/../../../../arm-none-eabi/lib/armv7e-m\libg.a(lib_a-memset.o)
                              c:/program files/gnu tools arm embedded/5.4 2016q2/bin/../lib/gcc/arm-none-eabi/5.4.1/../../../../arm-none-eabi/lib/armv7e-m/crt0.o (memset)
c:/program files/gnu tools arm embedded/5.4 2016q2/bin/../lib/gcc/arm-none-eabi/5.4.1/../../../../arm-none-eabi/lib/armv7e-m\libg.a(lib_a-__call_atexit.o)
                              c:/program files/gnu tools arm embedded/5.4 2016q2/bin/../lib/gcc/arm-none-eabi/5.4.1/../../../../arm-none-eabi/lib/armv7e-m\libg.a(lib_a-exit.o) (__call_exitprocs)
c:/program files/gnu tools arm embedded/5.4 2016q2/bin/../lib/gcc/arm-none-eabi/5.4.1/../../../../arm-none-eabi/lib/armv7e-m\libg.a(lib_a-atexit.o)
                              c:/program files/gnu tools arm embedded/5.4 2016q2/bin/../lib/gcc/arm-none-eabi/5.4.1/../../../../arm-none-eabi/lib/armv7e-m\libg.a(lib_a-__call_atexit.o) (atexit)
c:/program files/gnu tools arm embedded/5.4 2016q2/bin/../lib/gcc/arm-none-eabi/5.4.1/../../../../arm-none-eabi/lib/armv7e-m\libg.a(lib_a-fini.o)
                              c:/program files/gnu tools arm embedded/5.4 2016q2/bin/../lib/gcc/arm-none-eabi/5.4.1/../../../../arm-none-eabi/lib/armv7e-m\libg.a(lib_a-__call_atexit.o) (__libc_fini_array)
c:/program files/gnu tools arm embedded/5.4 2016q2/bin/../lib/gcc/arm-none-eabi/5.4.1/../../../../arm-none-eabi/lib/armv7e-m\libg.a(lib_a-__atexit.o)
                              c:/program files/gnu tools arm embedded/5.4 2016q2/bin/../lib/gcc/arm-none-eabi/5.4.1/../../../../arm-none-eabi/lib/armv7e-m\libg.a(lib_a-atexit.o) (__register_exitproc)

Discarded input sections

 .text          0x00000000        0x0 c:/program files/gnu tools arm embedded/5.4 2016q2/bin/../lib/gcc/arm-none-eabi/5.4.1/armv7e-m/crti.o
 .data          0x00000000        0x0 c:/program files/gnu tools arm embedded/5.4 2016q2/bin/../lib/gcc/arm-none-eabi/5.4.1/armv7e-m/crti.o
 .bss           0x00000000        0x0 c:/program files/gnu tools arm embedded/5.4 2016q2/bin/../lib/gcc/arm-none-eabi/5.4.1/armv7e-m/crti.o
 .data          0x00000000        0x4 c:/program files/gnu tools arm embedded/5.4 2016q2/bin/../lib/gcc/arm-none-eabi/5.4.1/armv7e-m/crtbegin.o
 .text          0x00000000       0x74 c:/program files/gnu tools arm embedded/5.4 2016q2/bin/../lib/gcc/arm-none-eabi/5.4.1/../../../../arm-none-eabi/lib/armv7e-m/crt0.o
 .data          0x00000000        0x0 c:/program files/gnu tools arm embedded/5.4 2016q2/bin/../lib/gcc/arm-none-eabi/5.4.1/../../../../arm-none-eabi/lib/armv7e-m/crt0.o
 .bss           0x00000000        0x0 c:/program files/gnu tools arm embedded/5.4 2016q2/bin/../lib/gcc/arm-none-eabi/5.4.1/../../../../arm-none-eabi/lib/armv7e-m/crt0.o
 .ARM.extab     0x00000000        0x0 c:/program files/gnu tools arm embedded/5.4 2016q2/bin/../lib/gcc/arm-none-eabi/5.4.1/../../../../arm-none-eabi/lib/armv7e-m/crt0.o
 .ARM.exidx     0x00000000        0x8 c:/program files/gnu tools arm embedded/5.4 2016q2/bin/../lib/gcc/arm-none-eabi/5.4.1/../../../../arm-none-eabi/lib/armv7e-m/crt0.o
 .ARM.attributes
                0x00000000       0x1c c:/program files/gnu tools arm embedded/5.4 2016q2/bin/../lib/gcc/arm-none-eabi/5.4.1/../../../../arm-none-eabi/lib/armv7e-m/crt0.o
 .data          0x00000000        0x0 ..\obj\main.o
 .bss           0x00000000        0x0 ..\obj\main.o
 .text          0x00000000       0x14 ..\obj\startup_stm32f407xx.o
 .data          0x00000000        0x0 ..\obj\startup_stm32f407xx.o
 .bss           0x00000000        0x0 ..\obj\startup_stm32f407xx.o
 .data          0x00000000        0x0 ..\..\..\..\..\..\..\..\libuart_utils_lib.a(uart_utils.o)
 .bss           0x00000000        0x0 ..\..\..\..\..\..\..\..\libuart_utils_lib.a(uart_utils.o)
 .bss           0x00000000        0x0 ..\..\..\..\..\..\..\..\libuart_utils_lib.a(system_stm32f4xx.o)
 .bss           0x00000000        0x0 ..\..\..\..\..\..\..\..\libuart_utils_lib.a(stm32f4xx_rcc.o)
 .data          0x00000000        0x0 ..\..\..\..\..\..\..\..\libuart_utils_lib.a(stm32f4xx_gpio.o)
 .bss           0x00000000        0x0 ..\..\..\..\..\..\..\..\libuart_utils_lib.a(stm32f4xx_gpio.o)
 .data          0x00000000        0x0 ..\..\..\..\..\..\..\..\libuart_utils_lib.a(stm32f4xx_usart.o)
 .bss           0x00000000        0x0 ..\..\..\..\..\..\..\..\libuart_utils_lib.a(stm32f4xx_usart.o)
 .text          0x00000000        0x0 c:/program files/gnu tools arm embedded/5.4 2016q2/bin/../lib/gcc/arm-none-eabi/5.4.1/../../../../arm-none-eabi/lib/armv7e-m\libg.a(lib_a-exit.o)
 .data          0x00000000        0x0 c:/program files/gnu tools arm embedded/5.4 2016q2/bin/../lib/gcc/arm-none-eabi/5.4.1/../../../../arm-none-eabi/lib/armv7e-m\libg.a(lib_a-exit.o)
 .bss           0x00000000        0x0 c:/program files/gnu tools arm embedded/5.4 2016q2/bin/../lib/gcc/arm-none-eabi/5.4.1/../../../../arm-none-eabi/lib/armv7e-m\libg.a(lib_a-exit.o)
 .text.exit     0x00000000       0x20 c:/program files/gnu tools arm embedded/5.4 2016q2/bin/../lib/gcc/arm-none-eabi/5.4.1/../../../../arm-none-eabi/lib/armv7e-m\libg.a(lib_a-exit.o)
 .debug_frame   0x00000000       0x28 c:/program files/gnu tools arm embedded/5.4 2016q2/bin/../lib/gcc/arm-none-eabi/5.4.1/../../../../arm-none-eabi/lib/armv7e-m\libg.a(lib_a-exit.o)
 .ARM.attributes
                0x00000000       0x2e c:/program files/gnu tools arm embedded/5.4 2016q2/bin/../lib/gcc/arm-none-eabi/5.4.1/../../../../arm-none-eabi/lib/armv7e-m\libg.a(lib_a-exit.o)
 .text          0x00000000        0x0 c:/program files/gnu tools arm embedded/5.4 2016q2/bin/../lib/gcc/arm-none-eabi/5.4.1/../../../../arm-none-eabi/lib/armv7e-m\libg.a(lib_a-impure.o)
 .data          0x00000000        0x0 c:/program files/gnu tools arm embedded/5.4 2016q2/bin/../lib/gcc/arm-none-eabi/5.4.1/../../../../arm-none-eabi/lib/armv7e-m\libg.a(lib_a-impure.o)
 .bss           0x00000000        0x0 c:/program files/gnu tools arm embedded/5.4 2016q2/bin/../lib/gcc/arm-none-eabi/5.4.1/../../../../arm-none-eabi/lib/armv7e-m\libg.a(lib_a-impure.o)
 .data._impure_ptr
                0x00000000        0x4 c:/program files/gnu tools arm embedded/5.4 2016q2/bin/../lib/gcc/arm-none-eabi/5.4.1/../../../../arm-none-eabi/lib/armv7e-m\libg.a(lib_a-impure.o)
 .text          0x00000000        0x0 c:/program files/gnu tools arm embedded/5.4 2016q2/bin/../lib/gcc/arm-none-eabi/5.4.1/../../../../arm-none-eabi/lib/armv7e-m\libg.a(lib_a-init.o)
 .data          0x00000000        0x0 c:/program files/gnu tools arm embedded/5.4 2016q2/bin/../lib/gcc/arm-none-eabi/5.4.1/../../../../arm-none-eabi/lib/armv7e-m\libg.a(lib_a-init.o)
 .bss           0x00000000        0x0 c:/program files/gnu tools arm embedded/5.4 2016q2/bin/../lib/gcc/arm-none-eabi/5.4.1/../../../../arm-none-eabi/lib/armv7e-m\libg.a(lib_a-init.o)
 .text.__libc_init_array
                0x00000000       0x50 c:/program files/gnu tools arm embedded/5.4 2016q2/bin/../lib/gcc/arm-none-eabi/5.4.1/../../../../arm-none-eabi/lib/armv7e-m\libg.a(lib_a-init.o)
 .debug_frame   0x00000000       0x2c c:/program files/gnu tools arm embedded/5.4 2016q2/bin/../lib/gcc/arm-none-eabi/5.4.1/../../../../arm-none-eabi/lib/armv7e-m\libg.a(lib_a-init.o)
 .ARM.attributes
                0x00000000       0x2e c:/program files/gnu tools arm embedded/5.4 2016q2/bin/../lib/gcc/arm-none-eabi/5.4.1/../../../../arm-none-eabi/lib/armv7e-m\libg.a(lib_a-init.o)
 .text          0x00000000        0x0 c:/program files/gnu tools arm embedded/5.4 2016q2/bin/../lib/gcc/arm-none-eabi/5.4.1/../../../../arm-none-eabi/lib/armv7e-m\libg.a(lib_a-memset.o)
 .data          0x00000000        0x0 c:/program files/gnu tools arm embedded/5.4 2016q2/bin/../lib/gcc/arm-none-eabi/5.4.1/../../../../arm-none-eabi/lib/armv7e-m\libg.a(lib_a-memset.o)
 .bss           0x00000000        0x0 c:/program files/gnu tools arm embedded/5.4 2016q2/bin/../lib/gcc/arm-none-eabi/5.4.1/../../../../arm-none-eabi/lib/armv7e-m\libg.a(lib_a-memset.o)
 .text.memset   0x00000000       0x9c c:/program files/gnu tools arm embedded/5.4 2016q2/bin/../lib/gcc/arm-none-eabi/5.4.1/../../../../arm-none-eabi/lib/armv7e-m\libg.a(lib_a-memset.o)
 .debug_frame   0x00000000       0x34 c:/program files/gnu tools arm embedded/5.4 2016q2/bin/../lib/gcc/arm-none-eabi/5.4.1/../../../../arm-none-eabi/lib/armv7e-m\libg.a(lib_a-memset.o)
 .ARM.attributes
                0x00000000       0x2e c:/program files/gnu tools arm embedded/5.4 2016q2/bin/../lib/gcc/arm-none-eabi/5.4.1/../../../../arm-none-eabi/lib/armv7e-m\libg.a(lib_a-memset.o)
 .text          0x00000000        0x0 c:/program files/gnu tools arm embedded/5.4 2016q2/bin/../lib/gcc/arm-none-eabi/5.4.1/../../../../arm-none-eabi/lib/armv7e-m\libg.a(lib_a-__call_atexit.o)
 .data          0x00000000        0x0 c:/program files/gnu tools arm embedded/5.4 2016q2/bin/../lib/gcc/arm-none-eabi/5.4.1/../../../../arm-none-eabi/lib/armv7e-m\libg.a(lib_a-__call_atexit.o)
 .bss           0x00000000        0x0 c:/program files/gnu tools arm embedded/5.4 2016q2/bin/../lib/gcc/arm-none-eabi/5.4.1/../../../../arm-none-eabi/lib/armv7e-m\libg.a(lib_a-__call_atexit.o)
 .text.__call_exitprocs
                0x00000000       0xd8 c:/program files/gnu tools arm embedded/5.4 2016q2/bin/../lib/gcc/arm-none-eabi/5.4.1/../../../../arm-none-eabi/lib/armv7e-m\libg.a(lib_a-__call_atexit.o)
 .text          0x00000000        0x0 c:/program files/gnu tools arm embedded/5.4 2016q2/bin/../lib/gcc/arm-none-eabi/5.4.1/../../../../arm-none-eabi/lib/armv7e-m\libg.a(lib_a-atexit.o)
 .data          0x00000000        0x0 c:/program files/gnu tools arm embedded/5.4 2016q2/bin/../lib/gcc/arm-none-eabi/5.4.1/../../../../arm-none-eabi/lib/armv7e-m\libg.a(lib_a-atexit.o)
 .bss           0x00000000        0x0 c:/program files/gnu tools arm embedded/5.4 2016q2/bin/../lib/gcc/arm-none-eabi/5.4.1/../../../../arm-none-eabi/lib/armv7e-m\libg.a(lib_a-atexit.o)
 .text          0x00000000        0x0 c:/program files/gnu tools arm embedded/5.4 2016q2/bin/../lib/gcc/arm-none-eabi/5.4.1/../../../../arm-none-eabi/lib/armv7e-m\libg.a(lib_a-fini.o)
 .data          0x00000000        0x0 c:/program files/gnu tools arm embedded/5.4 2016q2/bin/../lib/gcc/arm-none-eabi/5.4.1/../../../../arm-none-eabi/lib/armv7e-m\libg.a(lib_a-fini.o)
 .bss           0x00000000        0x0 c:/program files/gnu tools arm embedded/5.4 2016q2/bin/../lib/gcc/arm-none-eabi/5.4.1/../../../../arm-none-eabi/lib/armv7e-m\libg.a(lib_a-fini.o)
 .text          0x00000000        0x0 c:/program files/gnu tools arm embedded/5.4 2016q2/bin/../lib/gcc/arm-none-eabi/5.4.1/../../../../arm-none-eabi/lib/armv7e-m\libg.a(lib_a-__atexit.o)
 .data          0x00000000        0x0 c:/program files/gnu tools arm embedded/5.4 2016q2/bin/../lib/gcc/arm-none-eabi/5.4.1/../../../../arm-none-eabi/lib/armv7e-m\libg.a(lib_a-__atexit.o)
 .bss           0x00000000        0x0 c:/program files/gnu tools arm embedded/5.4 2016q2/bin/../lib/gcc/arm-none-eabi/5.4.1/../../../../arm-none-eabi/lib/armv7e-m\libg.a(lib_a-__atexit.o)
 .text          0x00000000        0x0 c:/program files/gnu tools arm embedded/5.4 2016q2/bin/../lib/gcc/arm-none-eabi/5.4.1/armv7e-m/crtend.o
 .data          0x00000000        0x0 c:/program files/gnu tools arm embedded/5.4 2016q2/bin/../lib/gcc/arm-none-eabi/5.4.1/armv7e-m/crtend.o
 .bss           0x00000000        0x0 c:/program files/gnu tools arm embedded/5.4 2016q2/bin/../lib/gcc/arm-none-eabi/5.4.1/armv7e-m/crtend.o
 .eh_frame      0x00000000        0x4 c:/program files/gnu tools arm embedded/5.4 2016q2/bin/../lib/gcc/arm-none-eabi/5.4.1/armv7e-m/crtend.o
 .text          0x00000000        0x0 c:/program files/gnu tools arm embedded/5.4 2016q2/bin/../lib/gcc/arm-none-eabi/5.4.1/armv7e-m/crtn.o
 .data          0x00000000        0x0 c:/program files/gnu tools arm embedded/5.4 2016q2/bin/../lib/gcc/arm-none-eabi/5.4.1/armv7e-m/crtn.o
 .bss           0x00000000        0x0 c:/program files/gnu tools arm embedded/5.4 2016q2/bin/../lib/gcc/arm-none-eabi/5.4.1/armv7e-m/crtn.o

Memory Configuration

Name             Origin             Length             Attributes
rom              0x08000000         0x00100000         xr
ram              0x20000000         0x00020000         xrw
ram1             0x10000000         0x00010000         xrw
*default*        0x00000000         0xffffffff

Linker script and memory map

LOAD c:/program files/gnu tools arm embedded/5.4 2016q2/bin/../lib/gcc/arm-none-eabi/5.4.1/armv7e-m/crti.o
LOAD c:/program files/gnu tools arm embedded/5.4 2016q2/bin/../lib/gcc/arm-none-eabi/5.4.1/armv7e-m/crtbegin.o
LOAD c:/program files/gnu tools arm embedded/5.4 2016q2/bin/../lib/gcc/arm-none-eabi/5.4.1/../../../../arm-none-eabi/lib/armv7e-m/crt0.o
                0x20020000                _eram = 0x20020000

.text           0x08000000     0x2478
 *(.isr_vector)
 .isr_vector    0x08000000      0x188 ..\obj\startup_stm32f407xx.o
                0x08000000                g_pfnVectors
 *(.text*)
 .text          0x08000188       0x5c c:/program files/gnu tools arm embedded/5.4 2016q2/bin/../lib/gcc/arm-none-eabi/5.4.1/armv7e-m/crtbegin.o
 .text          0x080001e4      0x494 ..\obj\main.o
                0x080001e4                main
 .text.Reset_Handler
                0x08000678       0x44 ..\obj\startup_stm32f407xx.o
                0x08000678                Reset_Handler
 .text.Default_Handler
                0x080006bc        0x2 ..\obj\startup_stm32f407xx.o
                0x080006bc                RTC_Alarm_IRQHandler
                0x080006bc                HASH_RNG_IRQHandler
                0x080006bc                EXTI2_IRQHandler
                0x080006bc                TIM8_CC_IRQHandler
                0x080006bc                DebugMon_Handler
                0x080006bc                TIM1_CC_IRQHandler
                0x080006bc                DMA2_Stream5_IRQHandler
                0x080006bc                HardFault_Handler
                0x080006bc                DMA1_Stream5_IRQHandler
                0x080006bc                SysTick_Handler
                0x080006bc                PVD_IRQHandler
                0x080006bc                SDIO_IRQHandler
                0x080006bc                TAMP_STAMP_IRQHandler
                0x080006bc                PendSV_Handler
                0x080006bc                NMI_Handler
                0x080006bc                CAN2_RX1_IRQHandler
                0x080006bc                EXTI3_IRQHandler
                0x080006bc                TIM8_TRG_COM_TIM14_IRQHandler
                0x080006bc                TIM1_UP_TIM10_IRQHandler
                0x080006bc                TIM8_UP_TIM13_IRQHandler
                0x080006bc                I2C3_ER_IRQHandler
                0x080006bc                EXTI0_IRQHandler
                0x080006bc                I2C2_EV_IRQHandler
                0x080006bc                DMA1_Stream2_IRQHandler
                0x080006bc                CAN1_RX0_IRQHandler
                0x080006bc                FPU_IRQHandler
                0x080006bc                OTG_HS_WKUP_IRQHandler
                0x080006bc                UsageFault_Handler
                0x080006bc                CAN2_SCE_IRQHandler
                0x080006bc                DMA2_Stream2_IRQHandler
                0x080006bc                SPI1_IRQHandler
                0x080006bc                TIM6_DAC_IRQHandler
                0x080006bc                TIM1_BRK_TIM9_IRQHandler
                0x080006bc                DCMI_IRQHandler
                0x080006bc                CAN2_RX0_IRQHandler
                0x080006bc                DMA2_Stream3_IRQHandler
                0x080006bc                USART6_IRQHandler
                0x080006bc                USART3_IRQHandler
                0x080006bc                CRYP_IRQHandler
                0x080006bc                CAN1_RX1_IRQHandler
                0x080006bc                UART5_IRQHandler
                0x080006bc                DMA2_Stream0_IRQHandler
                0x080006bc                TIM4_IRQHandler
                0x080006bc                I2C1_EV_IRQHandler
                0x080006bc                DMA1_Stream6_IRQHandler
                0x080006bc                DMA1_Stream1_IRQHandler
                0x080006bc                UART4_IRQHandler
                0x080006bc                TIM3_IRQHandler
                0x080006bc                RCC_IRQHandler
                0x080006bc                TIM8_BRK_TIM12_IRQHandler
                0x080006bc                Default_Handler
                0x080006bc                EXTI15_10_IRQHandler
                0x080006bc                ADC_IRQHandler
                0x080006bc                DMA1_Stream7_IRQHandler
                0x080006bc                TIM7_IRQHandler
                0x080006bc                CAN2_TX_IRQHandler
                0x080006bc                TIM5_IRQHandler
                0x080006bc                DMA2_Stream7_IRQHandler
                0x080006bc                I2C3_EV_IRQHandler
                0x080006bc                EXTI9_5_IRQHandler
                0x080006bc                RTC_WKUP_IRQHandler
                0x080006bc                ETH_WKUP_IRQHandler
                0x080006bc                SPI2_IRQHandler
                0x080006bc                OTG_HS_EP1_IN_IRQHandler
                0x080006bc                MemManage_Handler
                0x080006bc                DMA1_Stream0_IRQHandler
                0x080006bc                CAN1_TX_IRQHandler
                0x080006bc                SVC_Handler
                0x080006bc                EXTI4_IRQHandler
                0x080006bc                FSMC_IRQHandler
                0x080006bc                ETH_IRQHandler
                0x080006bc                OTG_HS_EP1_OUT_IRQHandler
                0x080006bc                WWDG_IRQHandler
                0x080006bc                TIM2_IRQHandler
                0x080006bc                OTG_FS_WKUP_IRQHandler
                0x080006bc                TIM1_TRG_COM_TIM11_IRQHandler
                0x080006bc                OTG_HS_IRQHandler
                0x080006bc                EXTI1_IRQHandler
                0x080006bc                USART2_IRQHandler
                0x080006bc                I2C2_ER_IRQHandler
                0x080006bc                DMA2_Stream1_IRQHandler
                0x080006bc                CAN1_SCE_IRQHandler
                0x080006bc                FLASH_IRQHandler
                0x080006bc                DMA2_Stream4_IRQHandler
                0x080006bc                BusFault_Handler
                0x080006bc                USART1_IRQHandler
                0x080006bc                OTG_FS_IRQHandler
                0x080006bc                SPI3_IRQHandler
                0x080006bc                DMA1_Stream4_IRQHandler
                0x080006bc                I2C1_ER_IRQHandler
                0x080006bc                DMA2_Stream6_IRQHandler
                0x080006bc                DMA1_Stream3_IRQHandler
 *fill*         0x080006be        0x2 
 .text          0x080006c0      0x30c ..\..\..\..\..\..\..\..\libuart_utils_lib.a(uart_utils.o)
                0x080006c0                uart_init
                0x0800074c                init_dpad
                0x080007ec                init_stepper_motor
                0x0800085c                init_leds
                0x08000898                writeIO
                0x08000928                readIO
                0x08000974                uart_write
                0x080009a8                uart_read
 .text          0x080009cc      0x220 ..\..\..\..\..\..\..\..\libuart_utils_lib.a(system_stm32f4xx.o)
                0x080009cc                SystemInit
                0x08000a28                SystemCoreClockUpdate
 .text          0x08000bec      0xa74 ..\..\..\..\..\..\..\..\libuart_utils_lib.a(stm32f4xx_rcc.o)
                0x08000bec                RCC_DeInit
                0x08000c48                RCC_HSEConfig
                0x08000c6c                RCC_WaitForHSEStartUp
                0x08000cbc                RCC_AdjustHSICalibrationValue
                0x08000cf8                RCC_HSICmd
                0x08000d18                RCC_LSEConfig
                0x08000d58                RCC_LSICmd
                0x08000d78                RCC_PLLConfig
                0x08000db4                RCC_PLLCmd
                0x08000dd4                RCC_PLLI2SCmd
                0x08000df4                RCC_ClockSecuritySystemCmd
                0x08000e14                RCC_MCO1Config
                0x08000e50                RCC_MCO2Config
                0x08000e8c                RCC_SYSCLKConfig
                0x08000ec4                RCC_GetSYSCLKSource
                0x08000ee0                RCC_HCLKConfig
                0x08000f18                RCC_PCLK1Config
                0x08000f50                RCC_PCLK2Config
                0x08000f88                RCC_GetClocksFreq
                0x080010d8                RCC_RTCCLKConfig
                0x08001134                RCC_RTCCLKCmd
                0x08001154                RCC_BackupResetCmd
                0x08001174                RCC_I2SCLKConfig
                0x08001190                RCC_TIMCLKPresConfig
                0x080011ac                RCC_AHB1PeriphClockCmd
                0x080011e8                RCC_AHB2PeriphClockCmd
                0x08001224                RCC_AHB3PeriphClockCmd
                0x08001260                RCC_APB1PeriphClockCmd
                0x0800129c                RCC_APB2PeriphClockCmd
                0x080012d8                RCC_AHB1PeriphResetCmd
                0x08001314                RCC_AHB2PeriphResetCmd
                0x08001350                RCC_AHB3PeriphResetCmd
                0x0800138c                RCC_APB1PeriphResetCmd
                0x080013c8                RCC_APB2PeriphResetCmd
                0x08001404                RCC_AHB1PeriphClockLPModeCmd
                0x08001440                RCC_AHB2PeriphClockLPModeCmd
                0x0800147c                RCC_AHB3PeriphClockLPModeCmd
                0x080014b8                RCC_APB1PeriphClockLPModeCmd
                0x080014f4                RCC_APB2PeriphClockLPModeCmd
                0x08001530                RCC_ITConfig
                0x0800157c                RCC_GetFlagStatus
                0x080015f0                RCC_ClearFlag
                0x0800160c                RCC_GetITStatus
                0x08001640                RCC_ClearITPendingBit
 .text          0x08001660      0x48c ..\..\..\..\..\..\..\..\libuart_utils_lib.a(stm32f4xx_gpio.o)
                0x08001660                GPIO_DeInit
                0x08001780                GPIO_Init
                0x0800189c                GPIO_StructInit
                0x080018d0                GPIO_PinLockConfig
                0x08001914                GPIO_ReadInputDataBit
                0x08001948                GPIO_ReadInputData
                0x08001960                GPIO_ReadOutputDataBit
                0x08001994                GPIO_ReadOutputData
                0x080019ac                GPIO_SetBits
                0x080019c8                GPIO_ResetBits
                0x080019e8                GPIO_WriteBit
                0x08001a1c                GPIO_Write
                0x08001a38                GPIO_ToggleBits
                0x08001a5c                GPIO_PinAFConfig
 .text          0x08001aec      0x880 ..\..\..\..\..\..\..\..\libuart_utils_lib.a(stm32f4xx_usart.o)
                0x08001aec                USART_DeInit
                0x08001bc0                USART_Init
                0x08001d30                USART_StructInit
                0x08001d68                USART_ClockInit
                0x08001dbc                USART_ClockStructInit
                0x08001de8                USART_Cmd
                0x08001e20                USART_SetPrescaler
                0x08001e50                USART_OverSampling8Cmd
                0x08001e88                USART_OneBitMethodCmd
                0x08001ec0                USART_SendData
                0x08001ee0                USART_ReceiveData
                0x08001f00                USART_SetAddress
                0x08001f30                USART_ReceiverWakeUpCmd
                0x08001f68                USART_WakeUpConfig
                0x08001f98                USART_LINBreakDetectLengthConfig
                0x08001fc8                USART_LINCmd
                0x08002000                USART_SendBreak
                0x08002020                USART_HalfDuplexCmd
                0x08002058                USART_SetGuardTime
                0x0800208c                USART_SmartCardCmd
                0x080020c4                USART_SmartCardNACKCmd
                0x080020fc                USART_IrDAConfig
                0x0800212c                USART_IrDACmd
                0x08002164                USART_DMACmd
                0x080021a4                USART_ITConfig
                0x08002234                USART_GetFlagStatus
                0x08002268                USART_ClearFlag
                0x0800228c                USART_GetITStatus
                0x08002330                USART_ClearITPendingBit
 .text.startup.register_fini
                0x0800236c       0x14 c:/program files/gnu tools arm embedded/5.4 2016q2/bin/../lib/gcc/arm-none-eabi/5.4.1/../../../../arm-none-eabi/lib/armv7e-m\libg.a(lib_a-__call_atexit.o)
 .text.atexit   0x08002380        0xc c:/program files/gnu tools arm embedded/5.4 2016q2/bin/../lib/gcc/arm-none-eabi/5.4.1/../../../../arm-none-eabi/lib/armv7e-m\libg.a(lib_a-atexit.o)
                0x08002380                atexit
 .text.__libc_fini_array
                0x0800238c       0x28 c:/program files/gnu tools arm embedded/5.4 2016q2/bin/../lib/gcc/arm-none-eabi/5.4.1/../../../../arm-none-eabi/lib/armv7e-m\libg.a(lib_a-fini.o)
                0x0800238c                __libc_fini_array
 .text.__register_exitproc
                0x080023b4       0xa4 c:/program files/gnu tools arm embedded/5.4 2016q2/bin/../lib/gcc/arm-none-eabi/5.4.1/../../../../arm-none-eabi/lib/armv7e-m\libg.a(lib_a-__atexit.o)
                0x080023b4                __register_exitproc
 *(.init)
 .init          0x08002458        0x4 c:/program files/gnu tools arm embedded/5.4 2016q2/bin/../lib/gcc/arm-none-eabi/5.4.1/armv7e-m/crti.o
                0x08002458                _init
 .init          0x0800245c        0x8 c:/program files/gnu tools arm embedded/5.4 2016q2/bin/../lib/gcc/arm-none-eabi/5.4.1/armv7e-m/crtn.o
 *(.fini)
 .fini          0x08002464        0x4 c:/program files/gnu tools arm embedded/5.4 2016q2/bin/../lib/gcc/arm-none-eabi/5.4.1/armv7e-m/crti.o
                0x08002464                _fini
 .fini          0x08002468        0x8 c:/program files/gnu tools arm embedded/5.4 2016q2/bin/../lib/gcc/arm-none-eabi/5.4.1/armv7e-m/crtn.o
 *crtbegin.o(.ctors)
 *crtbegin?.o(.ctors)
 *(EXCLUDE_FILE(*crtend.o *crtend?.o) .ctors)
 *(SORT(.ctors.*))
 *(.ctors)
 *crtbegin.o(.dtors)
 *crtbegin?.o(.dtors)
 *(EXCLUDE_FILE(*crtend.o *crtend?.o) .dtors)
 *(SORT(.dtors.*))
 *(.dtors)
 *(.rodata*)
 .rodata.str1.4
                0x08002470        0x4 c:/program files/gnu tools arm embedded/5.4 2016q2/bin/../lib/gcc/arm-none-eabi/5.4.1/../../../../arm-none-eabi/lib/armv7e-m\libg.a(lib_a-impure.o)
                                  0x2 (size before relaxing)
 .rodata._global_impure_ptr
                0x08002474        0x4 c:/program files/gnu tools arm embedded/5.4 2016q2/bin/../lib/gcc/arm-none-eabi/5.4.1/../../../../arm-none-eabi/lib/armv7e-m\libg.a(lib_a-impure.o)
                0x08002474                _global_impure_ptr
 *(.eh_fram e*)

.eh_frame       0x08002478        0x0
 .eh_frame      0x08002478        0x0 c:/program files/gnu tools arm embedded/5.4 2016q2/bin/../lib/gcc/arm-none-eabi/5.4.1/armv7e-m/crtbegin.o

.glue_7         0x08002478        0x0
 .glue_7        0x08002478        0x0 linker stubs

.glue_7t        0x08002478        0x0
 .glue_7t       0x08002478        0x0 linker stubs

.vfp11_veneer   0x08002478        0x0
 .vfp11_veneer  0x08002478        0x0 linker stubs

.v4_bx          0x08002478        0x0
 .v4_bx         0x08002478        0x0 linker stubs

.iplt           0x08002478        0x0
 .iplt          0x08002478        0x0 c:/program files/gnu tools arm embedded/5.4 2016q2/bin/../lib/gcc/arm-none-eabi/5.4.1/armv7e-m/crtbegin.o

.rel.dyn        0x08002478        0x0
 .rel.iplt      0x08002478        0x0 c:/program files/gnu tools arm embedded/5.4 2016q2/bin/../lib/gcc/arm-none-eabi/5.4.1/armv7e-m/crtbegin.o

.ARM.extab
 *(.ARM.extab* .gnu.linkonce.armextab.*)
                0x08002478                __exidx_start = .

.ARM.exidx
 *(.ARM.exidx* .gnu.linkonce.armexidx.*)
                0x08002478                __exidx_end = .
                0x08002478                __etext = .
                0x08002478                _sidata = __etext

.data           0x20000000      0x460 load address 0x08002478
                0x20000000                __data_start__ = .
                0x20000000                _sdata = __data_start__
 *(vtable)
 *(.data*)
 .data          0x20000000       0x14 ..\..\..\..\..\..\..\..\libuart_utils_lib.a(system_stm32f4xx.o)
                0x20000000                SystemCoreClock
                0x20000004                AHBPrescTable
 .data          0x20000014       0x10 ..\..\..\..\..\..\..\..\libuart_utils_lib.a(stm32f4xx_rcc.o)
 *fill*         0x20000024        0x4 
 .data.impure_data
                0x20000028      0x428 c:/program files/gnu tools arm embedded/5.4 2016q2/bin/../lib/gcc/arm-none-eabi/5.4.1/../../../../arm-none-eabi/lib/armv7e-m\libg.a(lib_a-impure.o)
                0x20000450                . = ALIGN (0x4)
                0x20000450                PROVIDE (__preinit_array_start, .)
 *(.preinit_array)
                0x20000450                PROVIDE (__preinit_array_end, .)
                0x20000450                . = ALIGN (0x4)
                0x20000450                PROVIDE (__init_array_start, .)
 *(SORT(.init_array.*))
 .init_array.00000
                0x20000450        0x4 c:/program files/gnu tools arm embedded/5.4 2016q2/bin/../lib/gcc/arm-none-eabi/5.4.1/../../../../arm-none-eabi/lib/armv7e-m\libg.a(lib_a-__call_atexit.o)
 *(.init_array)
 .init_array    0x20000454        0x4 c:/program files/gnu tools arm embedded/5.4 2016q2/bin/../lib/gcc/arm-none-eabi/5.4.1/armv7e-m/crtbegin.o
                0x20000458                PROVIDE (__init_array_end, .)
                0x20000458                . = ALIGN (0x4)
                0x20000458                PROVIDE (__fini_array_start, .)
 *(SORT(.fini_array.*))
 *(.fini_array)
 .fini_array    0x20000458        0x4 c:/program files/gnu tools arm embedded/5.4 2016q2/bin/../lib/gcc/arm-none-eabi/5.4.1/armv7e-m/crtbegin.o
                0x2000045c                PROVIDE (__fini_array_end, .)
 *(.jcr*)
 .jcr           0x2000045c        0x0 c:/program files/gnu tools arm embedded/5.4 2016q2/bin/../lib/gcc/arm-none-eabi/5.4.1/armv7e-m/crtbegin.o
 .jcr           0x2000045c        0x4 c:/program files/gnu tools arm embedded/5.4 2016q2/bin/../lib/gcc/arm-none-eabi/5.4.1/armv7e-m/crtend.o
                0x20000460                . = ALIGN (0x4)
                0x20000460                __data_end__ = .
                0x20000460                _edata = __data_end__

.igot.plt       0x20000460        0x0 load address 0x080028d8
 .igot.plt      0x20000460        0x0 c:/program files/gnu tools arm embedded/5.4 2016q2/bin/../lib/gcc/arm-none-eabi/5.4.1/armv7e-m/crtbegin.o

.bss            0x20000460       0x1c load address 0x080028d8
                0x20000460                . = ALIGN (0x4)
                0x20000460                __bss_start__ = .
                0x20000460                _sbss = __bss_start__
 *(.bss*)
 .bss           0x20000460       0x1c c:/program files/gnu tools arm embedded/5.4 2016q2/bin/../lib/gcc/arm-none-eabi/5.4.1/armv7e-m/crtbegin.o
 *(COMMON)
                0x2000047c                . = ALIGN (0x4)
                0x2000047c                __bss_end__ = .
                0x2000047c                _ebss = __bss_end__

.heap           0x2000047c        0x0
                0x2000047c                __end__ = .
                0x2000047c                _end = __end__
                0x2000047c                end = __end__
 *(.heap*)
                0x2000047c                __HeapLimit = .

.co_stack       0x2000047c        0x4 load address 0x080028f4
                0x20000480                . = ALIGN (0x8)
 *fill*         0x2000047c        0x4 
 *(.co_stack .co_stack.*)
                0x20020000                __StackTop = (ORIGIN (ram) + LENGTH (ram))
                0x2001fffc                __StackLimit = (__StackTop - SIZEOF (.co_stack))
                0x20020000                PROVIDE (__stack, __StackTop)
                0x00000001                ASSERT ((__StackLimit >= __HeapLimit), region ram  overflowed with stack)
LOAD ..\obj\main.o
LOAD ..\obj\startup_stm32f407xx.o
LOAD ..\..\..\..\..\..\..\..\libuart_utils_lib.a
START GROUP
LOAD c:/program files/gnu tools arm embedded/5.4 2016q2/bin/../lib/gcc/arm-none-eabi/5.4.1/armv7e-m\libgcc.a
LOAD c:/program files/gnu tools arm embedded/5.4 2016q2/bin/../lib/gcc/arm-none-eabi/5.4.1/../../../../arm-none-eabi/lib/armv7e-m\libg.a
LOAD c:/program files/gnu tools arm embedded/5.4 2016q2/bin/../lib/gcc/arm-none-eabi/5.4.1/../../../../arm-none-eabi/lib/armv7e-m\libc.a
END GROUP
LOAD c:/program files/gnu tools arm embedded/5.4 2016q2/bin/../lib/gcc/arm-none-eabi/5.4.1/armv7e-m/crtend.o
LOAD c:/program files/gnu tools arm embedded/5.4 2016q2/bin/../lib/gcc/arm-none-eabi/5.4.1/armv7e-m/crtn.o
OUTPUT(stepMotor.elf elf32-littlearm)

.ARM.attributes
                0x00000000       0x2a
 .ARM.attributes
                0x00000000       0x1e c:/program files/gnu tools arm embedded/5.4 2016q2/bin/../lib/gcc/arm-none-eabi/5.4.1/armv7e-m/crti.o
 .ARM.attributes
                0x0000001e       0x2e c:/program files/gnu tools arm embedded/5.4 2016q2/bin/../lib/gcc/arm-none-eabi/5.4.1/armv7e-m/crtbegin.o
 .ARM.attributes
                0x0000004c       0x21 ..\obj\main.o
 .ARM.attributes
                0x0000006d       0x21 ..\obj\startup_stm32f407xx.o
 .ARM.attributes
                0x0000008e       0x33 ..\..\..\..\..\..\..\..\libuart_utils_lib.a(uart_utils.o)
 .ARM.attributes
                0x000000c1       0x33 ..\..\..\..\..\..\..\..\libuart_utils_lib.a(system_stm32f4xx.o)
 .ARM.attributes
                0x000000f4       0x33 ..\..\..\..\..\..\..\..\libuart_utils_lib.a(stm32f4xx_rcc.o)
 .ARM.attributes
                0x00000127       0x33 ..\..\..\..\..\..\..\..\libuart_utils_lib.a(stm32f4xx_gpio.o)
 .ARM.attributes
                0x0000015a       0x33 ..\..\..\..\..\..\..\..\libuart_utils_lib.a(stm32f4xx_usart.o)
 .ARM.attributes
                0x0000018d       0x2e c:/program files/gnu tools arm embedded/5.4 2016q2/bin/../lib/gcc/arm-none-eabi/5.4.1/../../../../arm-none-eabi/lib/armv7e-m\libg.a(lib_a-impure.o)
 .ARM.attributes
                0x000001bb       0x2e c:/program files/gnu tools arm embedded/5.4 2016q2/bin/../lib/gcc/arm-none-eabi/5.4.1/../../../../arm-none-eabi/lib/armv7e-m\libg.a(lib_a-__call_atexit.o)
 .ARM.attributes
                0x000001e9       0x2e c:/program files/gnu tools arm embedded/5.4 2016q2/bin/../lib/gcc/arm-none-eabi/5.4.1/../../../../arm-none-eabi/lib/armv7e-m\libg.a(lib_a-atexit.o)
 .ARM.attributes
                0x00000217       0x2e c:/program files/gnu tools arm embedded/5.4 2016q2/bin/../lib/gcc/arm-none-eabi/5.4.1/../../../../arm-none-eabi/lib/armv7e-m\libg.a(lib_a-fini.o)
 .ARM.attributes
                0x00000245       0x2e c:/program files/gnu tools arm embedded/5.4 2016q2/bin/../lib/gcc/arm-none-eabi/5.4.1/../../../../arm-none-eabi/lib/armv7e-m\libg.a(lib_a-__atexit.o)
 .ARM.attributes
                0x00000273       0x2e c:/program files/gnu tools arm embedded/5.4 2016q2/bin/../lib/gcc/arm-none-eabi/5.4.1/armv7e-m/crtend.o
 .ARM.attributes
                0x000002a1       0x1e c:/program files/gnu tools arm embedded/5.4 2016q2/bin/../lib/gcc/arm-none-eabi/5.4.1/armv7e-m/crtn.o

.comment        0x00000000       0x6e
 .comment       0x00000000       0x6e ..\..\..\..\..\..\..\..\libuart_utils_lib.a(uart_utils.o)
                                 0x6f (size before relaxing)
 .comment       0x0000006e       0x6f ..\..\..\..\..\..\..\..\libuart_utils_lib.a(system_stm32f4xx.o)
 .comment       0x0000006e       0x6f ..\..\..\..\..\..\..\..\libuart_utils_lib.a(stm32f4xx_rcc.o)
 .comment       0x0000006e       0x6f ..\..\..\..\..\..\..\..\libuart_utils_lib.a(stm32f4xx_gpio.o)
 .comment       0x0000006e       0x6f ..\..\..\..\..\..\..\..\libuart_utils_lib.a(stm32f4xx_usart.o)

.debug_line     0x00000000      0xeae
 .debug_line    0x00000000      0x1d9 ..\obj\main.o
 .debug_line    0x000001d9       0xb6 ..\obj\startup_stm32f407xx.o
 .debug_line    0x0000028f      0x217 ..\..\..\..\..\..\..\..\libuart_utils_lib.a(uart_utils.o)
 .debug_line    0x000004a6      0x1cd ..\..\..\..\..\..\..\..\libuart_utils_lib.a(system_stm32f4xx.o)
 .debug_line    0x00000673      0x30c ..\..\..\..\..\..\..\..\libuart_utils_lib.a(stm32f4xx_rcc.o)
 .debug_line    0x0000097f      0x24b ..\..\..\..\..\..\..\..\libuart_utils_lib.a(stm32f4xx_gpio.o)
 .debug_line    0x00000bca      0x2e4 ..\..\..\..\..\..\..\..\libuart_utils_lib.a(stm32f4xx_usart.o)

.debug_info     0x00000000     0x27d7
 .debug_info    0x00000000       0xcd ..\obj\main.o
 .debug_info    0x000000cd       0xd8 ..\obj\startup_stm32f407xx.o
 .debug_info    0x000001a5      0x505 ..\..\..\..\..\..\..\..\libuart_utils_lib.a(uart_utils.o)
 .debug_info    0x000006aa      0x560 ..\..\..\..\..\..\..\..\libuart_utils_lib.a(system_stm32f4xx.o)
 .debug_info    0x00000c0a      0xc4f ..\..\..\..\..\..\..\..\libuart_utils_lib.a(stm32f4xx_rcc.o)
 .debug_info    0x00001859      0x60c ..\..\..\..\..\..\..\..\libuart_utils_lib.a(stm32f4xx_gpio.o)
 .debug_info    0x00001e65      0x972 ..\..\..\..\..\..\..\..\libuart_utils_lib.a(stm32f4xx_usart.o)

.debug_abbrev   0x00000000      0x772
 .debug_abbrev  0x00000000       0x14 ..\obj\main.o
 .debug_abbrev  0x00000014       0x12 ..\obj\startup_stm32f407xx.o
 .debug_abbrev  0x00000026      0x15e ..\..\..\..\..\..\..\..\libuart_utils_lib.a(uart_utils.o)
 .debug_abbrev  0x00000184      0x138 ..\..\..\..\..\..\..\..\libuart_utils_lib.a(system_stm32f4xx.o)
 .debug_abbrev  0x000002bc      0x1bc ..\..\..\..\..\..\..\..\libuart_utils_lib.a(stm32f4xx_rcc.o)
 .debug_abbrev  0x00000478      0x198 ..\..\..\..\..\..\..\..\libuart_utils_lib.a(stm32f4xx_gpio.o)
 .debug_abbrev  0x00000610      0x162 ..\..\..\..\..\..\..\..\libuart_utils_lib.a(stm32f4xx_usart.o)

.debug_aranges  0x00000000       0xe8
 .debug_aranges
                0x00000000       0x20 ..\obj\main.o
 .debug_aranges
                0x00000020       0x28 ..\obj\startup_stm32f407xx.o
 .debug_aranges
                0x00000048       0x20 ..\..\..\..\..\..\..\..\libuart_utils_lib.a(uart_utils.o)
 .debug_aranges
                0x00000068       0x20 ..\..\..\..\..\..\..\..\libuart_utils_lib.a(system_stm32f4xx.o)
 .debug_aranges
                0x00000088       0x20 ..\..\..\..\..\..\..\..\libuart_utils_lib.a(stm32f4xx_rcc.o)
 .debug_aranges
                0x000000a8       0x20 ..\..\..\..\..\..\..\..\libuart_utils_lib.a(stm32f4xx_gpio.o)
 .debug_aranges
                0x000000c8       0x20 ..\..\..\..\..\..\..\..\libuart_utils_lib.a(stm32f4xx_usart.o)

.debug_ranges   0x00000000       0x20
 .debug_ranges  0x00000000       0x20 ..\obj\startup_stm32f407xx.o

.debug_str      0x00000000     0x1130
 .debug_str     0x00000000      0x472 ..\..\..\..\..\..\..\..\libuart_utils_lib.a(uart_utils.o)
                                0x4cd (size before relaxing)
 .debug_str     0x00000472      0x20f ..\..\..\..\..\..\..\..\libuart_utils_lib.a(system_stm32f4xx.o)
                                0x377 (size before relaxing)
 .debug_str     0x00000681      0x586 ..\..\..\..\..\..\..\..\libuart_utils_lib.a(stm32f4xx_rcc.o)
                                0x840 (size before relaxing)
 .debug_str     0x00000c07      0x18e ..\..\..\..\..\..\..\..\libuart_utils_lib.a(stm32f4xx_gpio.o)
                                0x481 (size before relaxing)
 .debug_str     0x00000d95      0x39b ..\..\..\..\..\..\..\..\libuart_utils_lib.a(stm32f4xx_usart.o)
                                0x631 (size before relaxing)

.debug_frame    0x00000000     0x1020
 .debug_frame   0x00000000      0x12c ..\..\..\..\..\..\..\..\libuart_utils_lib.a(uart_utils.o)
 .debug_frame   0x0000012c       0x7c ..\..\..\..\..\..\..\..\libuart_utils_lib.a(system_stm32f4xx.o)
 .debug_frame   0x000001a8      0x6d4 ..\..\..\..\..\..\..\..\libuart_utils_lib.a(stm32f4xx_rcc.o)
 .debug_frame   0x0000087c      0x23c ..\..\..\..\..\..\..\..\libuart_utils_lib.a(stm32f4xx_gpio.o)
 .debug_frame   0x00000ab8      0x490 ..\..\..\..\..\..\..\..\libuart_utils_lib.a(stm32f4xx_usart.o)
 .debug_frame   0x00000f48       0x50 c:/program files/gnu tools arm embedded/5.4 2016q2/bin/../lib/gcc/arm-none-eabi/5.4.1/../../../../arm-none-eabi/lib/armv7e-m\libg.a(lib_a-__call_atexit.o)
 .debug_frame   0x00000f98       0x20 c:/program files/gnu tools arm embedded/5.4 2016q2/bin/../lib/gcc/arm-none-eabi/5.4.1/../../../../arm-none-eabi/lib/armv7e-m\libg.a(lib_a-atexit.o)
 .debug_frame   0x00000fb8       0x34 c:/program files/gnu tools arm embedded/5.4 2016q2/bin/../lib/gcc/arm-none-eabi/5.4.1/../../../../arm-none-eabi/lib/armv7e-m\libg.a(lib_a-fini.o)
 .debug_frame   0x00000fec       0x34 c:/program files/gnu tools arm embedded/5.4 2016q2/bin/../lib/gcc/arm-none-eabi/5.4.1/../../../../arm-none-eabi/lib/armv7e-m\libg.a(lib_a-__atexit.o)
